Archive member included to satisfy reference by file (symbol)

c:/st/stm32cubeide_1.8.0/stm32cubeide/plugins/com.st.stm32cube.ide.mcu.externaltools.gnu-tools-for-stm32.9-2020-q2-update.win32_2.0.0.202105311346/tools/bin/../lib/gcc/arm-none-eabi/9.3.1/../../../../arm-none-eabi/lib/thumb/v7e-m+fp/hard\libc_nano.a(lib_a-errno.o)
                              ./Core/Src/syscalls.o (__errno)
c:/st/stm32cubeide_1.8.0/stm32cubeide/plugins/com.st.stm32cube.ide.mcu.externaltools.gnu-tools-for-stm32.9-2020-q2-update.win32_2.0.0.202105311346/tools/bin/../lib/gcc/arm-none-eabi/9.3.1/../../../../arm-none-eabi/lib/thumb/v7e-m+fp/hard\libc_nano.a(lib_a-exit.o)
                              c:/st/stm32cubeide_1.8.0/stm32cubeide/plugins/com.st.stm32cube.ide.mcu.externaltools.gnu-tools-for-stm32.9-2020-q2-update.win32_2.0.0.202105311346/tools/bin/../lib/gcc/arm-none-eabi/9.3.1/../../../../arm-none-eabi/lib/thumb/v7e-m+fp/hard/crt0.o (exit)
c:/st/stm32cubeide_1.8.0/stm32cubeide/plugins/com.st.stm32cube.ide.mcu.externaltools.gnu-tools-for-stm32.9-2020-q2-update.win32_2.0.0.202105311346/tools/bin/../lib/gcc/arm-none-eabi/9.3.1/../../../../arm-none-eabi/lib/thumb/v7e-m+fp/hard\libc_nano.a(lib_a-impure.o)
                              c:/st/stm32cubeide_1.8.0/stm32cubeide/plugins/com.st.stm32cube.ide.mcu.externaltools.gnu-tools-for-stm32.9-2020-q2-update.win32_2.0.0.202105311346/tools/bin/../lib/gcc/arm-none-eabi/9.3.1/../../../../arm-none-eabi/lib/thumb/v7e-m+fp/hard\libc_nano.a(lib_a-exit.o) (_global_impure_ptr)
c:/st/stm32cubeide_1.8.0/stm32cubeide/plugins/com.st.stm32cube.ide.mcu.externaltools.gnu-tools-for-stm32.9-2020-q2-update.win32_2.0.0.202105311346/tools/bin/../lib/gcc/arm-none-eabi/9.3.1/../../../../arm-none-eabi/lib/thumb/v7e-m+fp/hard\libc_nano.a(lib_a-init.o)
                              c:/st/stm32cubeide_1.8.0/stm32cubeide/plugins/com.st.stm32cube.ide.mcu.externaltools.gnu-tools-for-stm32.9-2020-q2-update.win32_2.0.0.202105311346/tools/bin/../lib/gcc/arm-none-eabi/9.3.1/../../../../arm-none-eabi/lib/thumb/v7e-m+fp/hard/crt0.o (__libc_init_array)
c:/st/stm32cubeide_1.8.0/stm32cubeide/plugins/com.st.stm32cube.ide.mcu.externaltools.gnu-tools-for-stm32.9-2020-q2-update.win32_2.0.0.202105311346/tools/bin/../lib/gcc/arm-none-eabi/9.3.1/../../../../arm-none-eabi/lib/thumb/v7e-m+fp/hard\libc_nano.a(lib_a-malloc.o)
                              ./Middlewares/ST/STM32_USB_Host_Library/Class/CDC/Src/usbh_cdc.o (malloc)
c:/st/stm32cubeide_1.8.0/stm32cubeide/plugins/com.st.stm32cube.ide.mcu.externaltools.gnu-tools-for-stm32.9-2020-q2-update.win32_2.0.0.202105311346/tools/bin/../lib/gcc/arm-none-eabi/9.3.1/../../../../arm-none-eabi/lib/thumb/v7e-m+fp/hard\libc_nano.a(lib_a-memset.o)
                              c:/st/stm32cubeide_1.8.0/stm32cubeide/plugins/com.st.stm32cube.ide.mcu.externaltools.gnu-tools-for-stm32.9-2020-q2-update.win32_2.0.0.202105311346/tools/bin/../lib/gcc/arm-none-eabi/9.3.1/../../../../arm-none-eabi/lib/thumb/v7e-m+fp/hard/crt0.o (memset)
c:/st/stm32cubeide_1.8.0/stm32cubeide/plugins/com.st.stm32cube.ide.mcu.externaltools.gnu-tools-for-stm32.9-2020-q2-update.win32_2.0.0.202105311346/tools/bin/../lib/gcc/arm-none-eabi/9.3.1/../../../../arm-none-eabi/lib/thumb/v7e-m+fp/hard\libc_nano.a(lib_a-nano-freer.o)
                              c:/st/stm32cubeide_1.8.0/stm32cubeide/plugins/com.st.stm32cube.ide.mcu.externaltools.gnu-tools-for-stm32.9-2020-q2-update.win32_2.0.0.202105311346/tools/bin/../lib/gcc/arm-none-eabi/9.3.1/../../../../arm-none-eabi/lib/thumb/v7e-m+fp/hard\libc_nano.a(lib_a-malloc.o) (_free_r)
c:/st/stm32cubeide_1.8.0/stm32cubeide/plugins/com.st.stm32cube.ide.mcu.externaltools.gnu-tools-for-stm32.9-2020-q2-update.win32_2.0.0.202105311346/tools/bin/../lib/gcc/arm-none-eabi/9.3.1/../../../../arm-none-eabi/lib/thumb/v7e-m+fp/hard\libc_nano.a(lib_a-nano-mallocr.o)
                              c:/st/stm32cubeide_1.8.0/stm32cubeide/plugins/com.st.stm32cube.ide.mcu.externaltools.gnu-tools-for-stm32.9-2020-q2-update.win32_2.0.0.202105311346/tools/bin/../lib/gcc/arm-none-eabi/9.3.1/../../../../arm-none-eabi/lib/thumb/v7e-m+fp/hard\libc_nano.a(lib_a-malloc.o) (_malloc_r)
c:/st/stm32cubeide_1.8.0/stm32cubeide/plugins/com.st.stm32cube.ide.mcu.externaltools.gnu-tools-for-stm32.9-2020-q2-update.win32_2.0.0.202105311346/tools/bin/../lib/gcc/arm-none-eabi/9.3.1/../../../../arm-none-eabi/lib/thumb/v7e-m+fp/hard\libc_nano.a(lib_a-sbrkr.o)
                              c:/st/stm32cubeide_1.8.0/stm32cubeide/plugins/com.st.stm32cube.ide.mcu.externaltools.gnu-tools-for-stm32.9-2020-q2-update.win32_2.0.0.202105311346/tools/bin/../lib/gcc/arm-none-eabi/9.3.1/../../../../arm-none-eabi/lib/thumb/v7e-m+fp/hard\libc_nano.a(lib_a-nano-mallocr.o) (_sbrk_r)
[...]
Memory Configuration

Name             Origin             Length             Attributes
RAM              0x0000000020000000 0x0000000000020000 xrw
FLASH            0x0000000008000000 0x0000000000080000 xr
*default*        0x0000000000000000 0xffffffffffffffff

Linker script and memory map

LOAD c:/st/stm32cubeide_1.8.0/stm32cubeide/plugins/com.st.stm32cube.ide.mcu.externaltools.gnu-tools-for-stm32.9-2020-q2-update.win32_2.0.0.202105311346/tools/bin/../lib/gcc/arm-none-eabi/9.3.1/thumb/v7e-m+fp/hard/crti.o
LOAD c:/st/stm32cubeide_1.8.0/stm32cubeide/plugins/com.st.stm32cube.ide.mcu.externaltools.gnu-tools-for-stm32.9-2020-q2-update.win32_2.0.0.202105311346/tools/bin/../lib/gcc/arm-none-eabi/9.3.1/thumb/v7e-m+fp/hard/crtbegin.o
LOAD c:/st/stm32cubeide_1.8.0/stm32cubeide/plugins/com.st.stm32cube.ide.mcu.externaltools.gnu-tools-for-stm32.9-2020-q2-update.win32_2.0.0.202105311346/tools/bin/../lib/gcc/arm-none-eabi/9.3.1/../../../../arm-none-eabi/lib/thumb/v7e-m+fp/hard/crt0.o
LOAD ./Core/Src/main.o
LOAD ./Core/Src/stm32f4xx_hal_msp.o
LOAD ./Core/Src/stm32f4xx_it.o
LOAD ./Core/Src/syscalls.o
LOAD ./Core/Src/sysmem.o
LOAD ./Core/Src/system_stm32f4xx.o
LOAD ./Core/Startup/startup_stm32f411vetx.o
LOAD ./Drivers/STM32F4xx_HAL_Driver/Src/stm32f4xx_hal.o
LOAD ./Drivers/STM32F4xx_HAL_Driver/Src/stm32f4xx_hal_cortex.o
LOAD ./Drivers/STM32F4xx_HAL_Driver/Src/stm32f4xx_hal_dma.o
LOAD ./Drivers/STM32F4xx_HAL_Driver/Src/stm32f4xx_hal_dma_ex.o
LOAD ./Drivers/STM32F4xx_HAL_Driver/Src/stm32f4xx_hal_exti.o
LOAD ./Drivers/STM32F4xx_HAL_Driver/Src/stm32f4xx_hal_flash.o
LOAD ./Drivers/STM32F4xx_HAL_Driver/Src/stm32f4xx_hal_flash_ex.o
LOAD ./Drivers/STM32F4xx_HAL_Driver/Src/stm32f4xx_hal_flash_ramfunc.o
LOAD ./Drivers/STM32F4xx_HAL_Driver/Src/stm32f4xx_hal_gpio.o
LOAD ./Drivers/STM32F4xx_HAL_Driver/Src/stm32f4xx_hal_hcd.o
LOAD ./Drivers/STM32F4xx_HAL_Driver/Src/stm32f4xx_hal_i2c.o
LOAD ./Drivers/STM32F4xx_HAL_Driver/Src/stm32f4xx_hal_i2c_ex.o
LOAD ./Drivers/STM32F4xx_HAL_Driver/Src/stm32f4xx_hal_i2s.o
LOAD ./Drivers/STM32F4xx_HAL_Driver/Src/stm32f4xx_hal_i2s_ex.o
LOAD ./Drivers/STM32F4xx_HAL_Driver/Src/stm32f4xx_hal_pwr.o
LOAD ./Drivers/STM32F4xx_HAL_Driver/Src/stm32f4xx_hal_pwr_ex.o
LOAD ./Drivers/STM32F4xx_HAL_Driver/Src/stm32f4xx_hal_rcc.o
LOAD ./Drivers/STM32F4xx_HAL_Driver/Src/stm32f4xx_hal_rcc_ex.o
LOAD ./Drivers/STM32F4xx_HAL_Driver/Src/stm32f4xx_hal_spi.o
LOAD ./Drivers/STM32F4xx_HAL_Driver/Src/stm32f4xx_hal_tim.o
LOAD ./Drivers/STM32F4xx_HAL_Driver/Src/stm32f4xx_hal_tim_ex.o
LOAD ./Drivers/STM32F4xx_HAL_Driver/Src/stm32f4xx_hal_usart.o
LOAD ./Drivers/STM32F4xx_HAL_Driver/Src/stm32f4xx_ll_usb.o
LOAD ./Middlewares/ST/STM32_USB_Host_Library/Class/CDC/Src/usbh_cdc.o
LOAD ./Middlewares/ST/STM32_USB_Host_Library/Core/Src/usbh_core.o
LOAD ./Middlewares/ST/STM32_USB_Host_Library/Core/Src/usbh_ctlreq.o
LOAD ./Middlewares/ST/STM32_USB_Host_Library/Core/Src/usbh_ioreq.o
LOAD ./Middlewares/ST/STM32_USB_Host_Library/Core/Src/usbh_pipes.o
LOAD ./USB_HOST/App/usb_host.o
LOAD ./USB_HOST/Target/usbh_conf.o
LOAD ./USB_HOST/Target/usbh_platform.o
START GROUP
LOAD c:/st/stm32cubeide_1.8.0/stm32cubeide/plugins/com.st.stm32cube.ide.mcu.externaltools.gnu-tools-for-stm32.9-2020-q2-update.win32_2.0.0.202105311346/tools/bin/../lib/gcc/arm-none-eabi/9.3.1/../../../../arm-none-eabi/lib/thumb/v7e-m+fp/hard\libc_nano.a
LOAD c:/st/stm32cubeide_1.8.0/stm32cubeide/plugins/com.st.stm32cube.ide.mcu.externaltools.gnu-tools-for-stm32.9-2020-q2-update.win32_2.0.0.202105311346/tools/bin/../lib/gcc/arm-none-eabi/9.3.1/../../../../arm-none-eabi/lib/thumb/v7e-m+fp/hard\libm.a
END GROUP
START GROUP
LOAD c:/st/stm32cubeide_1.8.0/stm32cubeide/plugins/com.st.stm32cube.ide.mcu.externaltools.gnu-tools-for-stm32.9-2020-q2-update.win32_2.0.0.202105311346/tools/bin/../lib/gcc/arm-none-eabi/9.3.1/thumb/v7e-m+fp/hard\libgcc.a
LOAD c:/st/stm32cubeide_1.8.0/stm32cubeide/plugins/com.st.stm32cube.ide.mcu.externaltools.gnu-tools-for-stm32.9-2020-q2-update.win32_2.0.0.202105311346/tools/bin/../lib/gcc/arm-none-eabi/9.3.1/../../../../arm-none-eabi/lib/thumb/v7e-m+fp/hard\libc_nano.a
END GROUP
START GROUP
LOAD c:/st/stm32cubeide_1.8.0/stm32cubeide/plugins/com.st.stm32cube.ide.mcu.externaltools.gnu-tools-for-stm32.9-2020-q2-update.win32_2.0.0.202105311346/tools/bin/../lib/gcc/arm-none-eabi/9.3.1/thumb/v7e-m+fp/hard\libgcc.a
LOAD c:/st/stm32cubeide_1.8.0/stm32cubeide/plugins/com.st.stm32cube.ide.mcu.externaltools.gnu-tools-for-stm32.9-2020-q2-update.win32_2.0.0.202105311346/tools/bin/../lib/gcc/arm-none-eabi/9.3.1/../../../../arm-none-eabi/lib/thumb/v7e-m+fp/hard\libc_nano.a
LOAD c:/st/stm32cubeide_1.8.0/stm32cubeide/plugins/com.st.stm32cube.ide.mcu.externaltools.gnu-tools-for-stm32.9-2020-q2-update.win32_2.0.0.202105311346/tools/bin/../lib/gcc/arm-none-eabi/9.3.1/../../../../arm-none-eabi/lib/thumb/v7e-m+fp/hard\libnosys.a
END GROUP
START GROUP
LOAD c:/st/stm32cubeide_1.8.0/stm32cubeide/plugins/com.st.stm32cube.ide.mcu.externaltools.gnu-tools-for-stm32.9-2020-q2-update.win32_2.0.0.202105311346/tools/bin/../lib/gcc/arm-none-eabi/9.3.1/thumb/v7e-m+fp/hard\libgcc.a
LOAD c:/st/stm32cubeide_1.8.0/stm32cubeide/plugins/com.st.stm32cube.ide.mcu.externaltools.gnu-tools-for-stm32.9-2020-q2-update.win32_2.0.0.202105311346/tools/bin/../lib/gcc/arm-none-eabi/9.3.1/../../../../arm-none-eabi/lib/thumb/v7e-m+fp/hard\libc_nano.a
LOAD c:/st/stm32cubeide_1.8.0/stm32cubeide/plugins/com.st.stm32cube.ide.mcu.externaltools.gnu-tools-for-stm32.9-2020-q2-update.win32_2.0.0.202105311346/tools/bin/../lib/gcc/arm-none-eabi/9.3.1/../../../../arm-none-eabi/lib/thumb/v7e-m+fp/hard\libnosys.a
END GROUP
LOAD c:/st/stm32cubeide_1.8.0/stm32cubeide/plugins/com.st.stm32cube.ide.mcu.externaltools.gnu-tools-for-stm32.9-2020-q2-update.win32_2.0.0.202105311346/tools/bin/../lib/gcc/arm-none-eabi/9.3.1/thumb/v7e-m+fp/hard/crtend.o
LOAD c:/st/stm32cubeide_1.8.0/stm32cubeide/plugins/com.st.stm32cube.ide.mcu.externaltools.gnu-tools-for-stm32.9-2020-q2-update.win32_2.0.0.202105311346/tools/bin/../lib/gcc/arm-none-eabi/9.3.1/thumb/v7e-m+fp/hard/crtn.o
                0x0000000020020000                _estack = (ORIGIN (RAM) + LENGTH (RAM))
                0x0000000000000200                _Min_Heap_Size = 0x200
                0x0000000000000400                _Min_Stack_Size = 0x400

.isr_vector     0x0000000008000000      0x198
                0x0000000008000000                . = ALIGN (0x4)
 *(.isr_vector)
 .isr_vector    0x0000000008000000      0x198 ./Core/Startup/startup_stm32f411vetx.o
                0x0000000008000000                g_pfnVectors
                0x0000000008000198                . = ALIGN (0x4)

.text           0x0000000008000198     0x8330
                0x0000000008000198                . = ALIGN (0x4)
 *(.text)
 .text          0x0000000008000198       0x40 c:/st/stm32cubeide_1.8.0/stm32cubeide/plugins/com.st.stm32cube.ide.mcu.externaltools.gnu-tools-for-stm32.9-2020-q2-update.win32_2.0.0.202105311346/tools/bin/../lib/gcc/arm-none-eabi/9.3.1/thumb/v7e-m+fp/hard/crtbegin.o
 .text          0x00000000080001d8       0x10 c:/st/stm32cubeide_1.8.0/stm32cubeide/plugins/com.st.stm32cube.ide.mcu.externaltools.gnu-tools-for-stm32.9-2020-q2-update.win32_2.0.0.202105311346/tools/bin/../lib/gcc/arm-none-eabi/9.3.1/../../../../arm-none-eabi/lib/thumb/v7e-m+fp/hard\libc_nano.a(lib_a-strlen.o)
                0x00000000080001d8                strlen
 .text          0x00000000080001e8       0x30 c:/st/stm32cubeide_1.8.0/stm32cubeide/plugins/com.st.stm32cube.ide.mcu.externaltools.gnu-tools-for-stm32.9-2020-q2-update.win32_2.0.0.202105311346/tools/bin/../lib/gcc/arm-none-eabi/9.3.1/thumb/v7e-m+fp/hard\libgcc.a(_aeabi_uldivmod.o)
                0x00000000080001e8                __aeabi_uldivmod
 .text          0x0000000008000218      0x2c4 c:/st/stm32cubeide_1.8.0/stm32cubeide/plugins/com.st.stm32cube.ide.mcu.externaltools.gnu-tools-for-stm32.9-2020-q2-update.win32_2.0.0.202105311346/tools/bin/../lib/gcc/arm-none-eabi/9.3.1/thumb/v7e-m+fp/hard\libgcc.a(_udivmoddi4.o)
                0x0000000008000218                __udivmoddi4
 .text          0x00000000080004dc        0x4 c:/st/stm32cubeide_1.8.0/stm32cubeide/plugins/com.st.stm32cube.ide.mcu.externaltools.gnu-tools-for-stm32.9-2020-q2-update.win32_2.0.0.202105311346/tools/bin/../lib/gcc/arm-none-eabi/9.3.1/thumb/v7e-m+fp/hard\libgcc.a(_dvmd_tls.o)
                0x00000000080004dc                __aeabi_idiv0
                0x00000000080004dc                __aeabi_ldiv0
 *(.text*)
 .text.main     0x00000000080004e0       0x58 ./Core/Src/main.o
                0x00000000080004e0                main
 .text.SystemClock_Config
                0x0000000008000538       0xd0 ./Core/Src/main.o
                0x0000000008000538                SystemClock_Config
 .text.PeriphCommonClock_Config
                0x0000000008000608       0x40 ./Core/Src/main.o
                0x0000000008000608                PeriphCommonClock_Config
 .text.MX_I2C1_Init
                0x0000000008000648       0x5c ./Core/Src/main.o
 .text.MX_I2S2_Init
                0x00000000080006a4       0x5c ./Core/Src/main.o
 .text.MX_I2S3_Init
                0x0000000008000700       0x60 ./Core/Src/main.o
 .text.MX_SPI1_Init
                0x0000000008000760       0x6c ./Core/Src/main.o
 .text.MX_USART1_Init
                0x00000000080007cc       0x58 ./Core/Src/main.o
 .text.MX_GPIO_Init
                0x0000000008000824      0x1b4 ./Core/Src/main.o
 .text.Error_Handler
                0x00000000080009d8        0xa ./Core/Src/main.o
                0x00000000080009d8                Error_Handler
 *fill*         0x00000000080009e2        0x2 
 .text.HAL_MspInit
                0x00000000080009e4       0x50 ./Core/Src/stm32f4xx_hal_msp.o
                0x00000000080009e4                HAL_MspInit
 .text.HAL_I2C_MspInit
                0x0000000008000a34       0x90 ./Core/Src/stm32f4xx_hal_msp.o
                0x0000000008000a34                HAL_I2C_MspInit
 .text.HAL_I2S_MspInit
                0x0000000008000ac4      0x19c ./Core/Src/stm32f4xx_hal_msp.o
                0x0000000008000ac4                HAL_I2S_MspInit
 .text.HAL_SPI_MspInit
                0x0000000008000c60       0x90 ./Core/Src/stm32f4xx_hal_msp.o
                0x0000000008000c60                HAL_SPI_MspInit
 .text.HAL_USART_MspInit
                0x0000000008000cf0       0xd0 ./Core/Src/stm32f4xx_hal_msp.o
                0x0000000008000cf0                HAL_USART_MspInit
 .text.NMI_Handler
                0x0000000008000dc0        0x6 ./Core/Src/stm32f4xx_it.o
                0x0000000008000dc0                NMI_Handler
 .text.HardFault_Handler
                0x0000000008000dc6        0x6 ./Core/Src/stm32f4xx_it.o
                0x0000000008000dc6                HardFault_Handler
 .text.MemManage_Handler
                0x0000000008000dcc        0x6 ./Core/Src/stm32f4xx_it.o
                0x0000000008000dcc                MemManage_Handler
 .text.BusFault_Handler
                0x0000000008000dd2        0x6 ./Core/Src/stm32f4xx_it.o
                0x0000000008000dd2                BusFault_Handler
 .text.UsageFault_Handler
                0x0000000008000dd8        0x6 ./Core/Src/stm32f4xx_it.o
                0x0000000008000dd8                UsageFault_Handler
 .text.SVC_Handler
                0x0000000008000dde        0xe ./Core/Src/stm32f4xx_it.o
                0x0000000008000dde                SVC_Handler
 .text.DebugMon_Handler
                0x0000000008000dec        0xe ./Core/Src/stm32f4xx_it.o
                0x0000000008000dec                DebugMon_Handler
 .text.PendSV_Handler
                0x0000000008000dfa        0xe ./Core/Src/stm32f4xx_it.o
                0x0000000008000dfa                PendSV_Handler
 .text.SysTick_Handler
                0x0000000008000e08        0xc ./Core/Src/stm32f4xx_it.o
                0x0000000008000e08                SysTick_Handler
 .text.OTG_FS_IRQHandler
                0x0000000008000e14       0x14 ./Core/Src/stm32f4xx_it.o
                0x0000000008000e14                OTG_FS_IRQHandler
 .text._sbrk    0x0000000008000e28       0x6c ./Core/Src/sysmem.o
                0x0000000008000e28                _sbrk
 .text.SystemInit
                0x0000000008000e94       0x24 ./Core/Src/system_stm32f4xx.o
                0x0000000008000e94                SystemInit
 .text.Reset_Handler
                0x0000000008000eb8       0x50 ./Core/Startup/startup_stm32f411vetx.o
                0x0000000008000eb8                Reset_Handler
 .text.Default_Handler
                0x0000000008000f08        0x2 ./Core/Startup/startup_stm32f411vetx.o
                0x0000000008000f08                RTC_Alarm_IRQHandler
                0x0000000008000f08                EXTI2_IRQHandler
                0x0000000008000f08                SPI4_IRQHandler
                0x0000000008000f08                TIM1_CC_IRQHandler
                0x0000000008000f08                DMA2_Stream5_IRQHandler
                0x0000000008000f08                DMA1_Stream5_IRQHandler
                0x0000000008000f08                PVD_IRQHandler
                0x0000000008000f08                SDIO_IRQHandler
                0x0000000008000f08                TAMP_STAMP_IRQHandler
                0x0000000008000f08                EXTI3_IRQHandler
                0x0000000008000f08                TIM1_UP_TIM10_IRQHandler
                0x0000000008000f08                I2C3_ER_IRQHandler
                0x0000000008000f08                EXTI0_IRQHandler
                0x0000000008000f08                I2C2_EV_IRQHandler
                0x0000000008000f08                DMA1_Stream2_IRQHandler
                0x0000000008000f08                FPU_IRQHandler
                0x0000000008000f08                DMA2_Stream2_IRQHandler
                0x0000000008000f08                SPI1_IRQHandler
                0x0000000008000f08                TIM1_BRK_TIM9_IRQHandler
                0x0000000008000f08                DMA2_Stream3_IRQHandler
                0x0000000008000f08                USART6_IRQHandler
                0x0000000008000f08                DMA2_Stream0_IRQHandler
                0x0000000008000f08                TIM4_IRQHandler
                0x0000000008000f08                I2C1_EV_IRQHandler
                0x0000000008000f08                DMA1_Stream6_IRQHandler
                0x0000000008000f08                DMA1_Stream1_IRQHandler
                0x0000000008000f08                TIM3_IRQHandler
                0x0000000008000f08                RCC_IRQHandler
                0x0000000008000f08                Default_Handler
                0x0000000008000f08                EXTI15_10_IRQHandler
                0x0000000008000f08                ADC_IRQHandler
                0x0000000008000f08                DMA1_Stream7_IRQHandler
                0x0000000008000f08                SPI5_IRQHandler
                0x0000000008000f08                TIM5_IRQHandler
                0x0000000008000f08                DMA2_Stream7_IRQHandler
                0x0000000008000f08                I2C3_EV_IRQHandler
                0x0000000008000f08                EXTI9_5_IRQHandler
                0x0000000008000f08                RTC_WKUP_IRQHandler
                0x0000000008000f08                SPI2_IRQHandler
                0x0000000008000f08                DMA1_Stream0_IRQHandler
                0x0000000008000f08                EXTI4_IRQHandler
                0x0000000008000f08                WWDG_IRQHandler
                0x0000000008000f08                TIM2_IRQHandler
                0x0000000008000f08                OTG_FS_WKUP_IRQHandler
                0x0000000008000f08                TIM1_TRG_COM_TIM11_IRQHandler
                0x0000000008000f08                EXTI1_IRQHandler
                0x0000000008000f08                USART2_IRQHandler
                0x0000000008000f08                I2C2_ER_IRQHandler
                0x0000000008000f08                DMA2_Stream1_IRQHandler
                0x0000000008000f08                FLASH_IRQHandler
                0x0000000008000f08                DMA2_Stream4_IRQHandler
                0x0000000008000f08                USART1_IRQHandler
                0x0000000008000f08                SPI3_IRQHandler
                0x0000000008000f08                DMA1_Stream4_IRQHandler
                0x0000000008000f08                I2C1_ER_IRQHandler
                0x0000000008000f08                DMA2_Stream6_IRQHandler
                0x0000000008000f08                DMA1_Stream3_IRQHandler
 *fill*         0x0000000008000f0a        0x2 
 .text.HAL_Init
                0x0000000008000f0c       0x44 ./Drivers/STM32F4xx_HAL_Driver/Src/stm32f4xx_hal.o
                0x0000000008000f0c                HAL_Init
 .text.HAL_InitTick
                0x0000000008000f50       0x60 ./Drivers/STM32F4xx_HAL_Driver/Src/stm32f4xx_hal.o
                0x0000000008000f50                HAL_InitTick
 .text.HAL_IncTick
                0x0000000008000fb0       0x28 ./Drivers/STM32F4xx_HAL_Driver/Src/stm32f4xx_hal.o
                0x0000000008000fb0                HAL_IncTick
 .text.HAL_GetTick
                0x0000000008000fd8       0x18 ./Drivers/STM32F4xx_HAL_Driver/Src/stm32f4xx_hal.o
                0x0000000008000fd8                HAL_GetTick
 .text.HAL_Delay
                0x0000000008000ff0       0x48 ./Drivers/STM32F4xx_HAL_Driver/Src/stm32f4xx_hal.o
                0x0000000008000ff0                HAL_Delay
 .text.__NVIC_SetPriorityGrouping
                0x0000000008001038       0x48 ./Drivers/STM32F4xx_HAL_Driver/Src/stm32f4xx_hal_cortex.o
 .text.__NVIC_GetPriorityGrouping
                0x0000000008001080       0x1c ./Drivers/STM32F4xx_HAL_Driver/Src/stm32f4xx_hal_cortex.o
 .text.__NVIC_EnableIRQ
                0x000000000800109c       0x3c ./Drivers/STM32F4xx_HAL_Driver/Src/stm32f4xx_hal_cortex.o
 .text.__NVIC_SetPriority
                0x00000000080010d8       0x54 ./Drivers/STM32F4xx_HAL_Driver/Src/stm32f4xx_hal_cortex.o
 .text.NVIC_EncodePriority
                0x000000000800112c       0x66 ./Drivers/STM32F4xx_HAL_Driver/Src/stm32f4xx_hal_cortex.o
 *fill*         0x0000000008001192        0x2 
 .text.SysTick_Config
                0x0000000008001194       0x44 ./Drivers/STM32F4xx_HAL_Driver/Src/stm32f4xx_hal_cortex.o
 .text.HAL_NVIC_SetPriorityGrouping
                0x00000000080011d8       0x16 ./Drivers/STM32F4xx_HAL_Driver/Src/stm32f4xx_hal_cortex.o
                0x00000000080011d8                HAL_NVIC_SetPriorityGrouping
 .text.HAL_NVIC_SetPriority
                0x00000000080011ee       0x38 ./Drivers/STM32F4xx_HAL_Driver/Src/stm32f4xx_hal_cortex.o
                0x00000000080011ee                HAL_NVIC_SetPriority
 .text.HAL_NVIC_EnableIRQ
                0x0000000008001226       0x1c ./Drivers/STM32F4xx_HAL_Driver/Src/stm32f4xx_hal_cortex.o
                0x0000000008001226                HAL_NVIC_EnableIRQ
 .text.HAL_SYSTICK_Config
                0x0000000008001242       0x18 ./Drivers/STM32F4xx_HAL_Driver/Src/stm32f4xx_hal_cortex.o
                0x0000000008001242                HAL_SYSTICK_Config
 *fill*         0x000000000800125a        0x2 
 .text.HAL_GPIO_Init
                0x000000000800125c      0x308 ./Drivers/STM32F4xx_HAL_Driver/Src/stm32f4xx_hal_gpio.o
                0x000000000800125c                HAL_GPIO_Init
 .text.HAL_GPIO_WritePin
                0x0000000008001564       0x32 ./Drivers/STM32F4xx_HAL_Driver/Src/stm32f4xx_hal_gpio.o
                0x0000000008001564                HAL_GPIO_WritePin
 .text.HAL_HCD_Init
                0x0000000008001596       0xc4 ./Drivers/STM32F4xx_HAL_Driver/Src/stm32f4xx_hal_hcd.o
                0x0000000008001596                HAL_HCD_Init
 .text.HAL_HCD_HC_Init
                0x000000000800165a      0x11e ./Drivers/STM32F4xx_HAL_Driver/Src/stm32f4xx_hal_hcd.o
                0x000000000800165a                HAL_HCD_HC_Init
 .text.HAL_HCD_HC_Halt
                0x0000000008001778       0x46 ./Drivers/STM32F4xx_HAL_Driver/Src/stm32f4xx_hal_hcd.o
                0x0000000008001778                HAL_HCD_HC_Halt
 *fill*         0x00000000080017be        0x2 
 .text.HAL_HCD_HC_SubmitRequest
                0x00000000080017c0      0x2ac ./Drivers/STM32F4xx_HAL_Driver/Src/stm32f4xx_hal_hcd.o
                0x00000000080017c0                HAL_HCD_HC_SubmitRequest
 .text.HAL_HCD_IRQHandler
                0x0000000008001a6c      0x216 ./Drivers/STM32F4xx_HAL_Driver/Src/stm32f4xx_hal_hcd.o
                0x0000000008001a6c                HAL_HCD_IRQHandler
 .text.HAL_HCD_Start
                0x0000000008001c82       0x46 ./Drivers/STM32F4xx_HAL_Driver/Src/stm32f4xx_hal_hcd.o
                0x0000000008001c82                HAL_HCD_Start
 .text.HAL_HCD_Stop
                0x0000000008001cc8       0x3a ./Drivers/STM32F4xx_HAL_Driver/Src/stm32f4xx_hal_hcd.o
                0x0000000008001cc8                HAL_HCD_Stop
 .text.HAL_HCD_ResetPort
                0x0000000008001d02       0x1c ./Drivers/STM32F4xx_HAL_Driver/Src/stm32f4xx_hal_hcd.o
                0x0000000008001d02                HAL_HCD_ResetPort
 .text.HAL_HCD_HC_GetURBState
                0x0000000008001d1e       0x28 ./Drivers/STM32F4xx_HAL_Driver/Src/stm32f4xx_hal_hcd.o
                0x0000000008001d1e                HAL_HCD_HC_GetURBState
 .text.HAL_HCD_HC_GetXferCount
                0x0000000008001d46       0x28 ./Drivers/STM32F4xx_HAL_Driver/Src/stm32f4xx_hal_hcd.o
                0x0000000008001d46                HAL_HCD_HC_GetXferCount
 .text.HAL_HCD_GetCurrentFrame
                0x0000000008001d6e       0x1c ./Drivers/STM32F4xx_HAL_Driver/Src/stm32f4xx_hal_hcd.o
                0x0000000008001d6e                HAL_HCD_GetCurrentFrame
 .text.HAL_HCD_GetCurrentSpeed
                0x0000000008001d8a       0x1c ./Drivers/STM32F4xx_HAL_Driver/Src/stm32f4xx_hal_hcd.o
                0x0000000008001d8a                HAL_HCD_GetCurrentSpeed
 .text.HCD_HC_IN_IRQHandler
                0x0000000008001da6      0x844 ./Drivers/STM32F4xx_HAL_Driver/Src/stm32f4xx_hal_hcd.o
 .text.HCD_HC_OUT_IRQHandler
                0x00000000080025ea      0x802 ./Drivers/STM32F4xx_HAL_Driver/Src/stm32f4xx_hal_hcd.o
 .text.HCD_RXQLVL_IRQHandler
                0x0000000008002dec      0x1a4 ./Drivers/STM32F4xx_HAL_Driver/Src/stm32f4xx_hal_hcd.o
 .text.HCD_Port_IRQHandler
                0x0000000008002f90       0xe6 ./Drivers/STM32F4xx_HAL_Driver/Src/stm32f4xx_hal_hcd.o
 *fill*         0x0000000008003076        0x2 
 .text.HAL_I2C_Init
                0x0000000008003078      0x288 ./Drivers/STM32F4xx_HAL_Driver/Src/stm32f4xx_hal_i2c.o
                0x0000000008003078                HAL_I2C_Init
 .text.HAL_I2S_Init
                0x0000000008003300      0x280 ./Drivers/STM32F4xx_HAL_Driver/Src/stm32f4xx_hal_i2s.o
                0x0000000008003300                HAL_I2S_Init
 .text.HAL_I2S_TxCpltCallback
                0x0000000008003580       0x14 ./Drivers/STM32F4xx_HAL_Driver/Src/stm32f4xx_hal_i2s.o
                0x0000000008003580                HAL_I2S_TxCpltCallback
 .text.HAL_I2S_RxCpltCallback
                0x0000000008003594       0x14 ./Drivers/STM32F4xx_HAL_Driver/Src/stm32f4xx_hal_i2s.o
                0x0000000008003594                HAL_I2S_RxCpltCallback
 .text.HAL_I2S_ErrorCallback
                0x00000000080035a8       0x14 ./Drivers/STM32F4xx_HAL_Driver/Src/stm32f4xx_hal_i2s.o
                0x00000000080035a8                HAL_I2S_ErrorCallback
 .text.I2S_Transmit_IT
                0x00000000080035bc       0x5c ./Drivers/STM32F4xx_HAL_Driver/Src/stm32f4xx_hal_i2s.o
 .text.I2S_Receive_IT
                0x0000000008003618       0x5e ./Drivers/STM32F4xx_HAL_Driver/Src/stm32f4xx_hal_i2s.o
 .text.I2S_IRQHandler
                0x0000000008003676      0x114 ./Drivers/STM32F4xx_HAL_Driver/Src/stm32f4xx_hal_i2s.o
 *fill*         0x000000000800378a        0x2 
 .text.HAL_I2SEx_FullDuplex_IRQHandler
                0x000000000800378c      0x2a8 ./Drivers/STM32F4xx_HAL_Driver/Src/stm32f4xx_hal_i2s_ex.o
                0x000000000800378c                HAL_I2SEx_FullDuplex_IRQHandler
 .text.HAL_I2SEx_TxRxCpltCallback
                0x0000000008003a34       0x14 ./Drivers/STM32F4xx_HAL_Driver/Src/stm32f4xx_hal_i2s_ex.o
                0x0000000008003a34                HAL_I2SEx_TxRxCpltCallback
 .text.I2SEx_TxISR_I2S
                0x0000000008003a48       0x62 ./Drivers/STM32F4xx_HAL_Driver/Src/stm32f4xx_hal_i2s_ex.o
 *fill*         0x0000000008003aaa        0x2 
 .text.I2SEx_TxISR_I2SExt
                0x0000000008003aac       0x98 ./Drivers/STM32F4xx_HAL_Driver/Src/stm32f4xx_hal_i2s_ex.o
 .text.I2SEx_RxISR_I2S
                0x0000000008003b44       0x64 ./Drivers/STM32F4xx_HAL_Driver/Src/stm32f4xx_hal_i2s_ex.o
 .text.I2SEx_RxISR_I2SExt
                0x0000000008003ba8       0x98 ./Drivers/STM32F4xx_HAL_Driver/Src/stm32f4xx_hal_i2s_ex.o
 .text.HAL_RCC_OscConfig
                0x0000000008003c40      0x4f0 ./Drivers/STM32F4xx_HAL_Driver/Src/stm32f4xx_hal_rcc.o
                0x0000000008003c40                HAL_RCC_OscConfig
 .text.HAL_RCC_ClockConfig
                0x0000000008004130      0x1cc ./Drivers/STM32F4xx_HAL_Driver/Src/stm32f4xx_hal_rcc.o
                0x0000000008004130                HAL_RCC_ClockConfig
 .text.HAL_RCC_GetSysClockFreq
                0x00000000080042fc      0x1c4 ./Drivers/STM32F4xx_HAL_Driver/Src/stm32f4xx_hal_rcc.o
                0x00000000080042fc                HAL_RCC_GetSysClockFreq
 .text.HAL_RCC_GetHCLKFreq
                0x00000000080044c0       0x18 ./Drivers/STM32F4xx_HAL_Driver/Src/stm32f4xx_hal_rcc.o
                0x00000000080044c0                HAL_RCC_GetHCLKFreq
 .text.HAL_RCC_GetPCLK1Freq
                0x00000000080044d8       0x28 ./Drivers/STM32F4xx_HAL_Driver/Src/stm32f4xx_hal_rcc.o
                0x00000000080044d8                HAL_RCC_GetPCLK1Freq
 .text.HAL_RCC_GetPCLK2Freq
                0x0000000008004500       0x28 ./Drivers/STM32F4xx_HAL_Driver/Src/stm32f4xx_hal_rcc.o
                0x0000000008004500                HAL_RCC_GetPCLK2Freq
 .text.HAL_RCCEx_PeriphCLKConfig
                0x0000000008004528      0x1e0 ./Drivers/STM32F4xx_HAL_Driver/Src/stm32f4xx_hal_rcc_ex.o
                0x0000000008004528                HAL_RCCEx_PeriphCLKConfig
 .text.HAL_RCCEx_GetPeriphCLKFreq
                0x0000000008004708       0xc0 ./Drivers/STM32F4xx_HAL_Driver/Src/stm32f4xx_hal_rcc_ex.o
                0x0000000008004708                HAL_RCCEx_GetPeriphCLKFreq
 .text.HAL_SPI_Init
                0x00000000080047c8      0x112 ./Drivers/STM32F4xx_HAL_Driver/Src/stm32f4xx_hal_spi.o
                0x00000000080047c8                HAL_SPI_Init
 .text.HAL_USART_Init
                0x00000000080048da       0x82 ./Drivers/STM32F4xx_HAL_Driver/Src/stm32f4xx_hal_usart.o
                0x00000000080048da                HAL_USART_Init
 .text.HAL_USART_Transmit
                0x000000000800495c      0x120 ./Drivers/STM32F4xx_HAL_Driver/Src/stm32f4xx_hal_usart.o
                0x000000000800495c                HAL_USART_Transmit
 .text.USART_WaitOnFlagUntilTimeout
                0x0000000008004a7c       0xac ./Drivers/STM32F4xx_HAL_Driver/Src/stm32f4xx_hal_usart.o
 .text.USART_SetConfig
                0x0000000008004b28      0x40c ./Drivers/STM32F4xx_HAL_Driver/Src/stm32f4xx_hal_usart.o
 .text.USB_CoreInit
                0x0000000008004f34       0xc2 ./Drivers/STM32F4xx_HAL_Driver/Src/stm32f4xx_ll_usb.o
                0x0000000008004f34                USB_CoreInit
 .text.USB_EnableGlobalInt
                0x0000000008004ff6       0x22 ./Drivers/STM32F4xx_HAL_Driver/Src/stm32f4xx_ll_usb.o
                0x0000000008004ff6                USB_EnableGlobalInt
 .text.USB_DisableGlobalInt
                0x0000000008005018       0x22 ./Drivers/STM32F4xx_HAL_Driver/Src/stm32f4xx_ll_usb.o
                0x0000000008005018                USB_DisableGlobalInt
 .text.USB_SetCurrentMode
                0x000000000800503a       0x98 ./Drivers/STM32F4xx_HAL_Driver/Src/stm32f4xx_ll_usb.o
                0x000000000800503a                USB_SetCurrentMode
 *fill*         0x00000000080050d2        0x2 
 .text.USB_FlushTxFifo
                0x00000000080050d4       0x48 ./Drivers/STM32F4xx_HAL_Driver/Src/stm32f4xx_ll_usb.o
                0x00000000080050d4                USB_FlushTxFifo
 .text.USB_FlushRxFifo
                0x000000000800511c       0x40 ./Drivers/STM32F4xx_HAL_Driver/Src/stm32f4xx_ll_usb.o
                0x000000000800511c                USB_FlushRxFifo
 .text.USB_WritePacket
                0x000000000800515c       0x7c ./Drivers/STM32F4xx_HAL_Driver/Src/stm32f4xx_ll_usb.o
                0x000000000800515c                USB_WritePacket
 .text.USB_ReadPacket
                0x00000000080051d8       0xb0 ./Drivers/STM32F4xx_HAL_Driver/Src/stm32f4xx_ll_usb.o
                0x00000000080051d8                USB_ReadPacket
 .text.USB_ReadInterrupts
                0x0000000008005288       0x26 ./Drivers/STM32F4xx_HAL_Driver/Src/stm32f4xx_ll_usb.o
                0x0000000008005288                USB_ReadInterrupts
 .text.USB_GetMode
                0x00000000080052ae       0x1c ./Drivers/STM32F4xx_HAL_Driver/Src/stm32f4xx_ll_usb.o
                0x00000000080052ae                USB_GetMode
 *fill*         0x00000000080052ca        0x2 
 .text.USB_CoreReset
                0x00000000080052cc       0x64 ./Drivers/STM32F4xx_HAL_Driver/Src/stm32f4xx_ll_usb.o
 .text.USB_HostInit
                0x0000000008005330      0x168 ./Drivers/STM32F4xx_HAL_Driver/Src/stm32f4xx_ll_usb.o
                0x0000000008005330                USB_HostInit
 .text.USB_InitFSLSPClkSel
                0x0000000008005498       0x74 ./Drivers/STM32F4xx_HAL_Driver/Src/stm32f4xx_ll_usb.o
                0x0000000008005498                USB_InitFSLSPClkSel
 .text.USB_ResetPort
                0x000000000800550c       0x54 ./Drivers/STM32F4xx_HAL_Driver/Src/stm32f4xx_ll_usb.o
                0x000000000800550c                USB_ResetPort
 .text.USB_DriveVbus
                0x0000000008005560       0x72 ./Drivers/STM32F4xx_HAL_Driver/Src/stm32f4xx_ll_usb.o
                0x0000000008005560                USB_DriveVbus
 .text.USB_GetHostSpeed
                0x00000000080055d2       0x2e ./Drivers/STM32F4xx_HAL_Driver/Src/stm32f4xx_ll_usb.o
                0x00000000080055d2                USB_GetHostSpeed
 .text.USB_GetCurrentFrame
                0x0000000008005600       0x22 ./Drivers/STM32F4xx_HAL_Driver/Src/stm32f4xx_ll_usb.o
                0x0000000008005600                USB_GetCurrentFrame
 *fill*         0x0000000008005622        0x2 
 .text.USB_HC_Init
                0x0000000008005624      0x21c ./Drivers/STM32F4xx_HAL_Driver/Src/stm32f4xx_ll_usb.o
                0x0000000008005624                USB_HC_Init
 .text.USB_HC_StartXfer
                0x0000000008005840      0x284 ./Drivers/STM32F4xx_HAL_Driver/Src/stm32f4xx_ll_usb.o
                0x0000000008005840                USB_HC_StartXfer
 .text.USB_HC_ReadInterrupt
                0x0000000008005ac4       0x22 ./Drivers/STM32F4xx_HAL_Driver/Src/stm32f4xx_ll_usb.o
                0x0000000008005ac4                USB_HC_ReadInterrupt
 .text.USB_HC_Halt
                0x0000000008005ae6      0x238 ./Drivers/STM32F4xx_HAL_Driver/Src/stm32f4xx_ll_usb.o
                0x0000000008005ae6                USB_HC_Halt
 *fill*         0x0000000008005d1e        0x2 
 .text.USB_DoPing
                0x0000000008005d20       0x78 ./Drivers/STM32F4xx_HAL_Driver/Src/stm32f4xx_ll_usb.o
                0x0000000008005d20                USB_DoPing
 .text.USB_StopHost
                0x0000000008005d98      0x10c ./Drivers/STM32F4xx_HAL_Driver/Src/stm32f4xx_ll_usb.o
                0x0000000008005d98                USB_StopHost
 .text.USBH_CDC_InterfaceInit
                0x0000000008005ea4      0x2ac ./Middlewares/ST/STM32_USB_Host_Library/Class/CDC/Src/usbh_cdc.o
 .text.USBH_CDC_InterfaceDeInit
                0x0000000008006150       0xb2 ./Middlewares/ST/STM32_USB_Host_Library/Class/CDC/Src/usbh_cdc.o
 .text.USBH_CDC_ClassRequest
                0x0000000008006202       0x3e ./Middlewares/ST/STM32_USB_Host_Library/Class/CDC/Src/usbh_cdc.o
 .text.USBH_CDC_Process
                0x0000000008006240      0x12c ./Middlewares/ST/STM32_USB_Host_Library/Class/CDC/Src/usbh_cdc.o
 .text.USBH_CDC_SOFProcess
                0x000000000800636c       0x16 ./Middlewares/ST/STM32_USB_Host_Library/Class/CDC/Src/usbh_cdc.o
 .text.GetLineCoding
                0x0000000008006382       0x3e ./Middlewares/ST/STM32_USB_Host_Library/Class/CDC/Src/usbh_cdc.o
 .text.SetLineCoding
                0x00000000080063c0       0x3e ./Middlewares/ST/STM32_USB_Host_Library/Class/CDC/Src/usbh_cdc.o
 .text.CDC_ProcessTransmission
                0x00000000080063fe       0xec ./Middlewares/ST/STM32_USB_Host_Library/Class/CDC/Src/usbh_cdc.o
 .text.CDC_ProcessReception
                0x00000000080064ea       0xb6 ./Middlewares/ST/STM32_USB_Host_Library/Class/CDC/Src/usbh_cdc.o
 .text.USBH_CDC_TransmitCallback
                0x00000000080065a0       0x14 ./Middlewares/ST/STM32_USB_Host_Library/Class/CDC/Src/usbh_cdc.o
                0x00000000080065a0                USBH_CDC_TransmitCallback
 .text.USBH_CDC_ReceiveCallback
                0x00000000080065b4       0x14 ./Middlewares/ST/STM32_USB_Host_Library/Class/CDC/Src/usbh_cdc.o
                0x00000000080065b4                USBH_CDC_ReceiveCallback
 .text.USBH_CDC_LineCodingChanged
                0x00000000080065c8       0x14 ./Middlewares/ST/STM32_USB_Host_Library/Class/CDC/Src/usbh_cdc.o
                0x00000000080065c8                USBH_CDC_LineCodingChanged
 .text.USBH_Init
                0x00000000080065dc       0x74 ./Middlewares/ST/STM32_USB_Host_Library/Core/Src/usbh_core.o
                0x00000000080065dc                USBH_Init
 .text.DeInitStateMachine
                0x0000000008006650       0xa8 ./Middlewares/ST/STM32_USB_Host_Library/Core/Src/usbh_core.o
 .text.USBH_RegisterClass
                0x00000000080066f8       0x54 ./Middlewares/ST/STM32_USB_Host_Library/Core/Src/usbh_core.o
                0x00000000080066f8                USBH_RegisterClass
 .text.USBH_SelectInterface
                0x000000000800674c       0x38 ./Middlewares/ST/STM32_USB_Host_Library/Core/Src/usbh_core.o
                0x000000000800674c                USBH_SelectInterface
 .text.USBH_FindInterface
                0x0000000008006784       0x8c ./Middlewares/ST/STM32_USB_Host_Library/Core/Src/usbh_core.o
                0x0000000008006784                USBH_FindInterface
 .text.USBH_Start
                0x0000000008006810       0x20 ./Middlewares/ST/STM32_USB_Host_Library/Core/Src/usbh_core.o
                0x0000000008006810                USBH_Start
 .text.USBH_Process
                0x0000000008006830      0x3c0 ./Middlewares/ST/STM32_USB_Host_Library/Core/Src/usbh_core.o
                0x0000000008006830                USBH_Process
 .text.USBH_HandleEnum
                0x0000000008006bf0      0x3c8 ./Middlewares/ST/STM32_USB_Host_Library/Core/Src/usbh_core.o
 .text.USBH_LL_SetTimer
                0x0000000008006fb8       0x1e ./Middlewares/ST/STM32_USB_Host_Library/Core/Src/usbh_core.o
                0x0000000008006fb8                USBH_LL_SetTimer
 .text.USBH_LL_IncTimer
                0x0000000008006fd6       0x24 ./Middlewares/ST/STM32_USB_Host_Library/Core/Src/usbh_core.o
                0x0000000008006fd6                USBH_LL_IncTimer
 .text.USBH_HandleSof
                0x0000000008006ffa       0x30 ./Middlewares/ST/STM32_USB_Host_Library/Core/Src/usbh_core.o
 .text.USBH_LL_PortEnabled
                0x000000000800702a       0x1c ./Middlewares/ST/STM32_USB_Host_Library/Core/Src/usbh_core.o
                0x000000000800702a                USBH_LL_PortEnabled
 .text.USBH_LL_PortDisabled
                0x0000000008007046       0x1c ./Middlewares/ST/STM32_USB_Host_Library/Core/Src/usbh_core.o
                0x0000000008007046                USBH_LL_PortDisabled
 .text.USBH_LL_Connect
                0x0000000008007062       0x2e ./Middlewares/ST/STM32_USB_Host_Library/Core/Src/usbh_core.o
                0x0000000008007062                USBH_LL_Connect
 .text.USBH_LL_Disconnect
                0x0000000008007090       0x48 ./Middlewares/ST/STM32_USB_Host_Library/Core/Src/usbh_core.o
                0x0000000008007090                USBH_LL_Disconnect
 .text.USBH_Get_DevDesc
                0x00000000080070d8       0x50 ./Middlewares/ST/STM32_USB_Host_Library/Core/Src/usbh_ctlreq.o
                0x00000000080070d8                USBH_Get_DevDesc
 .text.USBH_Get_CfgDesc
                0x0000000008007128       0x48 ./Middlewares/ST/STM32_USB_Host_Library/Core/Src/usbh_ctlreq.o
                0x0000000008007128                USBH_Get_CfgDesc
 .text.USBH_Get_StringDesc
                0x0000000008007170       0x56 ./Middlewares/ST/STM32_USB_Host_Library/Core/Src/usbh_ctlreq.o
                0x0000000008007170                USBH_Get_StringDesc
 .text.USBH_GetDescriptor
                0x00000000080071c6       0x6a ./Middlewares/ST/STM32_USB_Host_Library/Core/Src/usbh_ctlreq.o
                0x00000000080071c6                USBH_GetDescriptor
 .text.USBH_SetAddress
                0x0000000008007230       0x48 ./Middlewares/ST/STM32_USB_Host_Library/Core/Src/usbh_ctlreq.o
                0x0000000008007230                USBH_SetAddress
 .text.USBH_SetCfg
                0x0000000008007278       0x46 ./Middlewares/ST/STM32_USB_Host_Library/Core/Src/usbh_ctlreq.o
                0x0000000008007278                USBH_SetCfg
 .text.USBH_SetFeature
                0x00000000080072be       0x48 ./Middlewares/ST/STM32_USB_Host_Library/Core/Src/usbh_ctlreq.o
                0x00000000080072be                USBH_SetFeature
 .text.USBH_ClrFeature
                0x0000000008007306       0x48 ./Middlewares/ST/STM32_USB_Host_Library/Core/Src/usbh_ctlreq.o
                0x0000000008007306                USBH_ClrFeature
 .text.USBH_ParseDevDesc
                0x000000000800734e       0xe0 ./Middlewares/ST/STM32_USB_Host_Library/Core/Src/usbh_ctlreq.o
 .text.USBH_ParseCfgDesc
                0x000000000800742e      0x144 ./Middlewares/ST/STM32_USB_Host_Library/Core/Src/usbh_ctlreq.o
 .text.USBH_ParseInterfaceDesc
                0x0000000008007572       0x5e ./Middlewares/ST/STM32_USB_Host_Library/Core/Src/usbh_ctlreq.o
 .text.USBH_ParseEPDesc
                0x00000000080075d0       0x5a ./Middlewares/ST/STM32_USB_Host_Library/Core/Src/usbh_ctlreq.o
 .text.USBH_ParseStringDesc
                0x000000000800762a       0x66 ./Middlewares/ST/STM32_USB_Host_Library/Core/Src/usbh_ctlreq.o
 .text.USBH_GetNextDesc
                0x0000000008007690       0x36 ./Middlewares/ST/STM32_USB_Host_Library/Core/Src/usbh_ctlreq.o
                0x0000000008007690                USBH_GetNextDesc
 .text.USBH_CtlReq
                0x00000000080076c6       0x7a ./Middlewares/ST/STM32_USB_Host_Library/Core/Src/usbh_ctlreq.o
                0x00000000080076c6                USBH_CtlReq
 .text.USBH_HandleControl
                0x0000000008007740      0x2e8 ./Middlewares/ST/STM32_USB_Host_Library/Core/Src/usbh_ctlreq.o
 .text.USBH_CtlSendSetup
                0x0000000008007a28       0x34 ./Middlewares/ST/STM32_USB_Host_Library/Core/Src/usbh_ioreq.o
                0x0000000008007a28                USBH_CtlSendSetup
 .text.USBH_CtlSendData
                0x0000000008007a5c       0x4a ./Middlewares/ST/STM32_USB_Host_Library/Core/Src/usbh_ioreq.o
                0x0000000008007a5c                USBH_CtlSendData
 .text.USBH_CtlReceiveData
                0x0000000008007aa6       0x3c ./Middlewares/ST/STM32_USB_Host_Library/Core/Src/usbh_ioreq.o
                0x0000000008007aa6                USBH_CtlReceiveData
 .text.USBH_BulkSendData
                0x0000000008007ae2       0x4a ./Middlewares/ST/STM32_USB_Host_Library/Core/Src/usbh_ioreq.o
                0x0000000008007ae2                USBH_BulkSendData
 .text.USBH_BulkReceiveData
                0x0000000008007b2c       0x3c ./Middlewares/ST/STM32_USB_Host_Library/Core/Src/usbh_ioreq.o
                0x0000000008007b2c                USBH_BulkReceiveData
 .text.USBH_OpenPipe
                0x0000000008007b68       0x3e ./Middlewares/ST/STM32_USB_Host_Library/Core/Src/usbh_pipes.o
                0x0000000008007b68                USBH_OpenPipe
 .text.USBH_ClosePipe
                0x0000000008007ba6       0x20 ./Middlewares/ST/STM32_USB_Host_Library/Core/Src/usbh_pipes.o
                0x0000000008007ba6                USBH_ClosePipe
 .text.USBH_AllocPipe
                0x0000000008007bc6       0x42 ./Middlewares/ST/STM32_USB_Host_Library/Core/Src/usbh_pipes.o
                0x0000000008007bc6                USBH_AllocPipe
 .text.USBH_FreePipe
                0x0000000008007c08       0x3c ./Middlewares/ST/STM32_USB_Host_Library/Core/Src/usbh_pipes.o
                0x0000000008007c08                USBH_FreePipe
 .text.USBH_GetFreePipe
                0x0000000008007c44       0x48 ./Middlewares/ST/STM32_USB_Host_Library/Core/Src/usbh_pipes.o
 .text.MX_USB_HOST_Init
                0x0000000008007c8c       0x4c ./USB_HOST/App/usb_host.o
                0x0000000008007c8c                MX_USB_HOST_Init
 .text.MX_USB_HOST_Process
                0x0000000008007cd8       0x14 ./USB_HOST/App/usb_host.o
                0x0000000008007cd8                MX_USB_HOST_Process
 .text.USBH_UserProcess
                0x0000000008007cec       0x5c ./USB_HOST/App/usb_host.o
 .text.HAL_HCD_MspInit
                0x0000000008007d48       0xc4 ./USB_HOST/Target/usbh_conf.o
                0x0000000008007d48                HAL_HCD_MspInit
 .text.HAL_HCD_SOF_Callback
                0x0000000008007e0c       0x1c ./USB_HOST/Target/usbh_conf.o
                0x0000000008007e0c                HAL_HCD_SOF_Callback
 .text.HAL_HCD_Connect_Callback
                0x0000000008007e28       0x1c ./USB_HOST/Target/usbh_conf.o
                0x0000000008007e28                HAL_HCD_Connect_Callback
 .text.HAL_HCD_Disconnect_Callback
                0x0000000008007e44       0x1c ./USB_HOST/Target/usbh_conf.o
                0x0000000008007e44                HAL_HCD_Disconnect_Callback
 .text.HAL_HCD_HC_NotifyURBChange_Callback
                0x0000000008007e60       0x1c ./USB_HOST/Target/usbh_conf.o
                0x0000000008007e60                HAL_HCD_HC_NotifyURBChange_Callback
 .text.HAL_HCD_PortEnabled_Callback
                0x0000000008007e7c       0x1c ./USB_HOST/Target/usbh_conf.o
                0x0000000008007e7c                HAL_HCD_PortEnabled_Callback
 .text.HAL_HCD_PortDisabled_Callback
                0x0000000008007e98       0x1c ./USB_HOST/Target/usbh_conf.o
                0x0000000008007e98                HAL_HCD_PortDisabled_Callback
 .text.USBH_LL_Init
                0x0000000008007eb4       0x78 ./USB_HOST/Target/usbh_conf.o
                0x0000000008007eb4                USBH_LL_Init
 .text.USBH_LL_Start
                0x0000000008007f2c       0x36 ./USB_HOST/Target/usbh_conf.o
                0x0000000008007f2c                USBH_LL_Start
 .text.USBH_LL_Stop
                0x0000000008007f62       0x36 ./USB_HOST/Target/usbh_conf.o
                0x0000000008007f62                USBH_LL_Stop
 .text.USBH_LL_GetSpeed
                0x0000000008007f98       0x4e ./USB_HOST/Target/usbh_conf.o
                0x0000000008007f98                USBH_LL_GetSpeed
 .text.USBH_LL_ResetPort
                0x0000000008007fe6       0x36 ./USB_HOST/Target/usbh_conf.o
                0x0000000008007fe6                USBH_LL_ResetPort
 .text.USBH_LL_GetLastXferSize
                0x000000000800801c       0x26 ./USB_HOST/Target/usbh_conf.o
                0x000000000800801c                USBH_LL_GetLastXferSize
 .text.USBH_LL_OpenPipe
                0x0000000008008042       0x5e ./USB_HOST/Target/usbh_conf.o
                0x0000000008008042                USBH_LL_OpenPipe
 .text.USBH_LL_ClosePipe
                0x00000000080080a0       0x3e ./USB_HOST/Target/usbh_conf.o
                0x00000000080080a0                USBH_LL_ClosePipe
 .text.USBH_LL_SubmitURB
                0x00000000080080de       0x62 ./USB_HOST/Target/usbh_conf.o
                0x00000000080080de                USBH_LL_SubmitURB
 .text.USBH_LL_GetURBState
                0x0000000008008140       0x26 ./USB_HOST/Target/usbh_conf.o
                0x0000000008008140                USBH_LL_GetURBState
 .text.USBH_LL_DriverVBUS
                0x0000000008008166       0x2e ./USB_HOST/Target/usbh_conf.o
                0x0000000008008166                USBH_LL_DriverVBUS
 .text.USBH_LL_SetToggle
                0x0000000008008194       0x60 ./USB_HOST/Target/usbh_conf.o
                0x0000000008008194                USBH_LL_SetToggle
 .text.USBH_Delay
                0x00000000080081f4       0x16 ./USB_HOST/Target/usbh_conf.o
                0x00000000080081f4                USBH_Delay
 *fill*         0x000000000800820a        0x2 
 .text.USBH_Get_USB_Status
                0x000000000800820c       0x58 ./USB_HOST/Target/usbh_conf.o
                0x000000000800820c                USBH_Get_USB_Status
 .text.MX_DriverVbusFS
                0x0000000008008264       0x38 ./USB_HOST/Target/usbh_platform.o
                0x0000000008008264                MX_DriverVbusFS
 .text.__errno  0x000000000800829c        0xc c:/st/stm32cubeide_1.8.0/stm32cubeide/plugins/com.st.stm32cube.ide.mcu.externaltools.gnu-tools-for-stm32.9-2020-q2-update.win32_2.0.0.202105311346/tools/bin/../lib/gcc/arm-none-eabi/9.3.1/../../../../arm-none-eabi/lib/thumb/v7e-m+fp/hard\libc_nano.a(lib_a-errno.o)
                0x000000000800829c                __errno
 .text.__libc_init_array
                0x00000000080082a8       0x48 c:/st/stm32cubeide_1.8.0/stm32cubeide/plugins/com.st.stm32cube.ide.mcu.externaltools.gnu-tools-for-stm32.9-2020-q2-update.win32_2.0.0.202105311346/tools/bin/../lib/gcc/arm-none-eabi/9.3.1/../../../../arm-none-eabi/lib/thumb/v7e-m+fp/hard\libc_nano.a(lib_a-init.o)
                0x00000000080082a8                __libc_init_array
 .text.malloc   0x00000000080082f0       0x10 c:/st/stm32cubeide_1.8.0/stm32cubeide/plugins/com.st.stm32cube.ide.mcu.externaltools.gnu-tools-for-stm32.9-2020-q2-update.win32_2.0.0.202105311346/tools/bin/../lib/gcc/arm-none-eabi/9.3.1/../../../../arm-none-eabi/lib/thumb/v7e-m+fp/hard\libc_nano.a(lib_a-malloc.o)
                0x00000000080082f0                malloc
 .text.free     0x0000000008008300       0x10 c:/st/stm32cubeide_1.8.0/stm32cubeide/plugins/com.st.stm32cube.ide.mcu.externaltools.gnu-tools-for-stm32.9-2020-q2-update.win32_2.0.0.202105311346/tools/bin/../lib/gcc/arm-none-eabi/9.3.1/../../../../arm-none-eabi/lib/thumb/v7e-m+fp/hard\libc_nano.a(lib_a-malloc.o)
                0x0000000008008300                free
 .text.memset   0x0000000008008310       0x10 c:/st/stm32cubeide_1.8.0/stm32cubeide/plugins/com.st.stm32cube.ide.mcu.externaltools.gnu-tools-for-stm32.9-2020-q2-update.win32_2.0.0.202105311346/tools/bin/../lib/gcc/arm-none-eabi/9.3.1/../../../../arm-none-eabi/lib/thumb/v7e-m+fp/hard\libc_nano.a(lib_a-memset.o)
                0x0000000008008310                memset
 .text._free_r  0x0000000008008320       0xa0 c:/st/stm32cubeide_1.8.0/stm32cubeide/plugins/com.st.stm32cube.ide.mcu.externaltools.gnu-tools-for-stm32.9-2020-q2-update.win32_2.0.0.202105311346/tools/bin/../lib/gcc/arm-none-eabi/9.3.1/../../../../arm-none-eabi/lib/thumb/v7e-m+fp/hard\libc_nano.a(lib_a-nano-freer.o)
                0x0000000008008320                _free_r
 .text._malloc_r
                0x00000000080083c0       0xb4 c:/st/stm32cubeide_1.8.0/stm32cubeide/plugins/com.st.stm32cube.ide.mcu.externaltools.gnu-tools-for-stm32.9-2020-q2-update.win32_2.0.0.202105311346/tools/bin/../lib/gcc/arm-none-eabi/9.3.1/../../../../arm-none-eabi/lib/thumb/v7e-m+fp/hard\libc_nano.a(lib_a-nano-mallocr.o)
                0x00000000080083c0                _malloc_r
 .text._sbrk_r  0x0000000008008474       0x20 c:/st/stm32cubeide_1.8.0/stm32cubeide/plugins/com.st.stm32cube.ide.mcu.externaltools.gnu-tools-for-stm32.9-2020-q2-update.win32_2.0.0.202105311346/tools/bin/../lib/gcc/arm-none-eabi/9.3.1/../../../../arm-none-eabi/lib/thumb/v7e-m+fp/hard\libc_nano.a(lib_a-sbrkr.o)
                0x0000000008008474                _sbrk_r
 .text.__malloc_lock
                0x0000000008008494        0xc c:/st/stm32cubeide_1.8.0/stm32cubeide/plugins/com.st.stm32cube.ide.mcu.externaltools.gnu-tools-for-stm32.9-2020-q2-update.win32_2.0.0.202105311346/tools/bin/../lib/gcc/arm-none-eabi/9.3.1/../../../../arm-none-eabi/lib/thumb/v7e-m+fp/hard\libc_nano.a(lib_a-mlock.o)
                0x0000000008008494                __malloc_lock
 .text.__malloc_unlock
                0x00000000080084a0        0xc c:/st/stm32cubeide_1.8.0/stm32cubeide/plugins/com.st.stm32cube.ide.mcu.externaltools.gnu-tools-for-stm32.9-2020-q2-update.win32_2.0.0.202105311346/tools/bin/../lib/gcc/arm-none-eabi/9.3.1/../../../../arm-none-eabi/lib/thumb/v7e-m+fp/hard\libc_nano.a(lib_a-mlock.o)
                0x00000000080084a0                __malloc_unlock
 .text.__retarget_lock_acquire_recursive
                0x00000000080084ac        0x2 c:/st/stm32cubeide_1.8.0/stm32cubeide/plugins/com.st.stm32cube.ide.mcu.externaltools.gnu-tools-for-stm32.9-2020-q2-update.win32_2.0.0.202105311346/tools/bin/../lib/gcc/arm-none-eabi/9.3.1/../../../../arm-none-eabi/lib/thumb/v7e-m+fp/hard\libc_nano.a(lib_a-lock.o)
                0x00000000080084ac                __retarget_lock_acquire_recursive
 .text.__retarget_lock_release_recursive
                0x00000000080084ae        0x2 c:/st/stm32cubeide_1.8.0/stm32cubeide/plugins/com.st.stm32cube.ide.mcu.externaltools.gnu-tools-for-stm32.9-2020-q2-update.win32_2.0.0.202105311346/tools/bin/../lib/gcc/arm-none-eabi/9.3.1/../../../../arm-none-eabi/lib/thumb/v7e-m+fp/hard\libc_nano.a(lib_a-lock.o)
                0x00000000080084ae                __retarget_lock_release_recursive
 *(.glue_7)
 .glue_7        0x00000000080084b0        0x0 linker stubs
 *(.glue_7t)
 .glue_7t       0x00000000080084b0        0x0 linker stubs
 *(.eh_frame)
 .eh_frame      0x00000000080084b0        0x0 c:/st/stm32cubeide_1.8.0/stm32cubeide/plugins/com.st.stm32cube.ide.mcu.externaltools.gnu-tools-for-stm32.9-2020-q2-update.win32_2.0.0.202105311346/tools/bin/../lib/gcc/arm-none-eabi/9.3.1/thumb/v7e-m+fp/hard/crtbegin.o
 *(.init)
 .init          0x00000000080084b0        0x4 c:/st/stm32cubeide_1.8.0/stm32cubeide/plugins/com.st.stm32cube.ide.mcu.externaltools.gnu-tools-for-stm32.9-2020-q2-update.win32_2.0.0.202105311346/tools/bin/../lib/gcc/arm-none-eabi/9.3.1/thumb/v7e-m+fp/hard/crti.o
                0x00000000080084b0                _init
 .init          0x00000000080084b4        0x8 c:/st/stm32cubeide_1.8.0/stm32cubeide/plugins/com.st.stm32cube.ide.mcu.externaltools.gnu-tools-for-stm32.9-2020-q2-update.win32_2.0.0.202105311346/tools/bin/../lib/gcc/arm-none-eabi/9.3.1/thumb/v7e-m+fp/hard/crtn.o
 *(.fini)
 .fini          0x00000000080084bc        0x4 c:/st/stm32cubeide_1.8.0/stm32cubeide/plugins/com.st.stm32cube.ide.mcu.externaltools.gnu-tools-for-stm32.9-2020-q2-update.win32_2.0.0.202105311346/tools/bin/../lib/gcc/arm-none-eabi/9.3.1/thumb/v7e-m+fp/hard/crti.o
                0x00000000080084bc                _fini
 .fini          0x00000000080084c0        0x8 c:/st/stm32cubeide_1.8.0/stm32cubeide/plugins/com.st.stm32cube.ide.mcu.externaltools.gnu-tools-for-stm32.9-2020-q2-update.win32_2.0.0.202105311346/tools/bin/../lib/gcc/arm-none-eabi/9.3.1/thumb/v7e-m+fp/hard/crtn.o
                0x00000000080084c8                . = ALIGN (0x4)
                0x00000000080084c8                _etext = .

.vfp11_veneer   0x00000000080084c8        0x0
 .vfp11_veneer  0x00000000080084c8        0x0 linker stubs

.v4_bx          0x00000000080084c8        0x0
 .v4_bx         0x00000000080084c8        0x0 linker stubs

.iplt           0x00000000080084c8        0x0
 .iplt          0x00000000080084c8        0x0 c:/st/stm32cubeide_1.8.0/stm32cubeide/plugins/com.st.stm32cube.ide.mcu.externaltools.gnu-tools-for-stm32.9-2020-q2-update.win32_2.0.0.202105311346/tools/bin/../lib/gcc/arm-none-eabi/9.3.1/thumb/v7e-m+fp/hard/crtbegin.o

.rodata         0x00000000080084c8       0x2c
                0x00000000080084c8                . = ALIGN (0x4)
 *(.rodata)
 .rodata        0x00000000080084c8        0xe ./Core/Src/main.o
 *fill*         0x00000000080084d6        0x2 
 .rodata        0x00000000080084d8        0x4 ./Middlewares/ST/STM32_USB_Host_Library/Class/CDC/Src/usbh_cdc.o
 *(.rodata*)
 .rodata.AHBPrescTable
                0x00000000080084dc       0x10 ./Core/Src/system_stm32f4xx.o
                0x00000000080084dc                AHBPrescTable
 .rodata.APBPrescTable
                0x00000000080084ec        0x8 ./Core/Src/system_stm32f4xx.o
                0x00000000080084ec                APBPrescTable
                0x00000000080084f4                . = ALIGN (0x4)

.ARM.extab      0x00000000080084f4        0x0
                0x00000000080084f4                . = ALIGN (0x4)
 *(.ARM.extab* .gnu.linkonce.armextab.*)
                0x00000000080084f4                . = ALIGN (0x4)

.ARM            0x00000000080084f4        0x8
                0x00000000080084f4                . = ALIGN (0x4)
                0x00000000080084f4                __exidx_start = .
 *(.ARM.exidx*)
 .ARM.exidx     0x00000000080084f4        0x8 c:/st/stm32cubeide_1.8.0/stm32cubeide/plugins/com.st.stm32cube.ide.mcu.externaltools.gnu-tools-for-stm32.9-2020-q2-update.win32_2.0.0.202105311346/tools/bin/../lib/gcc/arm-none-eabi/9.3.1/thumb/v7e-m+fp/hard\libgcc.a(_udivmoddi4.o)
                0x00000000080084fc                __exidx_end = .
                0x00000000080084fc                . = ALIGN (0x4)

.rel.dyn        0x00000000080084fc        0x0
 .rel.iplt      0x00000000080084fc        0x0 c:/st/stm32cubeide_1.8.0/stm32cubeide/plugins/com.st.stm32cube.ide.mcu.externaltools.gnu-tools-for-stm32.9-2020-q2-update.win32_2.0.0.202105311346/tools/bin/../lib/gcc/arm-none-eabi/9.3.1/thumb/v7e-m+fp/hard/crtbegin.o

.preinit_array  0x00000000080084fc        0x0
                0x00000000080084fc                . = ALIGN (0x4)
                0x00000000080084fc                PROVIDE (__preinit_array_start = .)
 *(.preinit_array*)
                0x00000000080084fc                PROVIDE (__preinit_array_end = .)
                0x00000000080084fc                . = ALIGN (0x4)

.init_array     0x00000000080084fc        0x4
                0x00000000080084fc                . = ALIGN (0x4)
                0x00000000080084fc                PROVIDE (__init_array_start = .)
 *(SORT_BY_NAME(.init_array.*))
 *(.init_array*)
 .init_array    0x00000000080084fc        0x4 c:/st/stm32cubeide_1.8.0/stm32cubeide/plugins/com.st.stm32cube.ide.mcu.externaltools.gnu-tools-for-stm32.9-2020-q2-update.win32_2.0.0.202105311346/tools/bin/../lib/gcc/arm-none-eabi/9.3.1/thumb/v7e-m+fp/hard/crtbegin.o
                0x0000000008008500                PROVIDE (__init_array_end = .)
                0x0000000008008500                . = ALIGN (0x4)

.fini_array     0x0000000008008500        0x4
                0x0000000008008500                . = ALIGN (0x4)
                [!provide]                        PROVIDE (__fini_array_start = .)
 *(SORT_BY_NAME(.fini_array.*))
 *(.fini_array*)
 .fini_array    0x0000000008008500        0x4 c:/st/stm32cubeide_1.8.0/stm32cubeide/plugins/com.st.stm32cube.ide.mcu.externaltools.gnu-tools-for-stm32.9-2020-q2-update.win32_2.0.0.202105311346/tools/bin/../lib/gcc/arm-none-eabi/9.3.1/thumb/v7e-m+fp/hard/crtbegin.o
                [!provide]                        PROVIDE (__fini_array_end = .)
                0x0000000008008504                . = ALIGN (0x4)
                0x0000000008008504                _sidata = LOADADDR (.data)

.data           0x0000000020000000       0x90 load address 0x0000000008008504
                0x0000000020000000                . = ALIGN (0x4)
                0x0000000020000000                _sdata = .
 *(.data)
 *(.data*)
 .data.SystemCoreClock
                0x0000000020000000        0x4 ./Core/Src/system_stm32f4xx.o
                0x0000000020000000                SystemCoreClock
 .data.uwTickPrio
                0x0000000020000004        0x4 ./Drivers/STM32F4xx_HAL_Driver/Src/stm32f4xx_hal.o
                0x0000000020000004                uwTickPrio
 .data.uwTickFreq
                0x0000000020000008        0x1 ./Drivers/STM32F4xx_HAL_Driver/Src/stm32f4xx_hal.o
                0x0000000020000008                uwTickFreq
 *fill*         0x0000000020000009        0x3 
 .data.CDC_Class
                0x000000002000000c       0x20 ./Middlewares/ST/STM32_USB_Host_Library/Class/CDC/Src/usbh_cdc.o
                0x000000002000000c                CDC_Class
 .data._impure_ptr
                0x000000002000002c        0x4 c:/st/stm32cubeide_1.8.0/stm32cubeide/plugins/com.st.stm32cube.ide.mcu.externaltools.gnu-tools-for-stm32.9-2020-q2-update.win32_2.0.0.202105311346/tools/bin/../lib/gcc/arm-none-eabi/9.3.1/../../../../arm-none-eabi/lib/thumb/v7e-m+fp/hard\libc_nano.a(lib_a-impure.o)
                0x000000002000002c                _impure_ptr
 .data.impure_data
                0x0000000020000030       0x60 c:/st/stm32cubeide_1.8.0/stm32cubeide/plugins/com.st.stm32cube.ide.mcu.externaltools.gnu-tools-for-stm32.9-2020-q2-update.win32_2.0.0.202105311346/tools/bin/../lib/gcc/arm-none-eabi/9.3.1/../../../../arm-none-eabi/lib/thumb/v7e-m+fp/hard\libc_nano.a(lib_a-impure.o)
 *(.RamFunc)
 *(.RamFunc*)
                0x0000000020000090                . = ALIGN (0x4)
                0x0000000020000090                _edata = .

.igot.plt       0x0000000020000090        0x0 load address 0x0000000008008594
 .igot.plt      0x0000000020000090        0x0 c:/st/stm32cubeide_1.8.0/stm32cubeide/plugins/com.st.stm32cube.ide.mcu.externaltools.gnu-tools-for-stm32.9-2020-q2-update.win32_2.0.0.202105311346/tools/bin/../lib/gcc/arm-none-eabi/9.3.1/thumb/v7e-m+fp/hard/crtbegin.o
                0x0000000020000090                . = ALIGN (0x4)

.bss            0x0000000020000090      0x89c load address 0x0000000008008594
                0x0000000020000090                _sbss = .
                0x0000000020000090                __bss_start__ = _sbss
 *(.bss)
 .bss           0x0000000020000090       0x1c c:/st/stm32cubeide_1.8.0/stm32cubeide/plugins/com.st.stm32cube.ide.mcu.externaltools.gnu-tools-for-stm32.9-2020-q2-update.win32_2.0.0.202105311346/tools/bin/../lib/gcc/arm-none-eabi/9.3.1/thumb/v7e-m+fp/hard/crtbegin.o
 *(.bss*)
 .bss.__sbrk_heap_end
                0x00000000200000ac        0x4 ./Core/Src/sysmem.o
 .bss.Appli_state
                0x00000000200000b0        0x1 ./USB_HOST/App/usb_host.o
                0x00000000200000b0                Appli_state
 *fill*         0x00000000200000b1        0x3 
 .bss.__malloc_free_list
                0x00000000200000b4        0x4 c:/st/stm32cubeide_1.8.0/stm32cubeide/plugins/com.st.stm32cube.ide.mcu.externaltools.gnu-tools-for-stm32.9-2020-q2-update.win32_2.0.0.202105311346/tools/bin/../lib/gcc/arm-none-eabi/9.3.1/../../../../arm-none-eabi/lib/thumb/v7e-m+fp/hard\libc_nano.a(lib_a-nano-mallocr.o)
                0x00000000200000b4                __malloc_free_list
 .bss.__malloc_sbrk_start
                0x00000000200000b8        0x4 c:/st/stm32cubeide_1.8.0/stm32cubeide/plugins/com.st.stm32cube.ide.mcu.externaltools.gnu-tools-for-stm32.9-2020-q2-update.win32_2.0.0.202105311346/tools/bin/../lib/gcc/arm-none-eabi/9.3.1/../../../../arm-none-eabi/lib/thumb/v7e-m+fp/hard\libc_nano.a(lib_a-nano-mallocr.o)
                0x00000000200000b8                __malloc_sbrk_start
 *(COMMON)
 COMMON         0x00000000200000bc      0x180 ./Core/Src/main.o
                0x00000000200000bc                hi2c1
                0x0000000020000110                hspi1
                0x0000000020000168                husart1
                0x00000000200001ac                hi2s2
                0x00000000200001f4                hi2s3
 COMMON         0x000000002000023c        0x4 ./Drivers/STM32F4xx_HAL_Driver/Src/stm32f4xx_hal.o
                0x000000002000023c                uwTick
 COMMON         0x0000000020000240      0x3d8 ./USB_HOST/App/usb_host.o
                0x0000000020000240                hUsbHostFS
 COMMON         0x0000000020000618      0x304 ./USB_HOST/Target/usbh_conf.o
                0x0000000020000618                hhcd_USB_OTG_FS
 COMMON         0x000000002000091c        0x4 c:/st/stm32cubeide_1.8.0/stm32cubeide/plugins/com.st.stm32cube.ide.mcu.externaltools.gnu-tools-for-stm32.9-2020-q2-update.win32_2.0.0.202105311346/tools/bin/../lib/gcc/arm-none-eabi/9.3.1/../../../../arm-none-eabi/lib/thumb/v7e-m+fp/hard\libc_nano.a(lib_a-reent.o)
                0x000000002000091c                errno
 COMMON         0x0000000020000920        0x9 c:/st/stm32cubeide_1.8.0/stm32cubeide/plugins/com.st.stm32cube.ide.mcu.externaltools.gnu-tools-for-stm32.9-2020-q2-update.win32_2.0.0.202105311346/tools/bin/../lib/gcc/arm-none-eabi/9.3.1/../../../../arm-none-eabi/lib/thumb/v7e-m+fp/hard\libc_nano.a(lib_a-lock.o)
                0x0000000020000920                __lock___atexit_recursive_mutex
                0x0000000020000921                __lock___arc4random_mutex
                0x0000000020000922                __lock___env_recursive_mutex
                0x0000000020000923                __lock___sinit_recursive_mutex
                0x0000000020000924                __lock___malloc_recursive_mutex
                0x0000000020000925                __lock___at_quick_exit_mutex
                0x0000000020000926                __lock___dd_hash_mutex
                0x0000000020000927                __lock___tz_mutex
                0x0000000020000928                __lock___sfp_recursive_mutex
                0x000000002000092c                . = ALIGN (0x4)
 *fill*         0x0000000020000929        0x3 
                0x000000002000092c                _ebss = .
                0x000000002000092c                __bss_end__ = _ebss

._user_heap_stack
                0x000000002000092c      0x604 load address 0x0000000008008594
                0x0000000020000930                . = ALIGN (0x8)
 *fill*         0x000000002000092c        0x4 
                [!provide]                        PROVIDE (end = .)
                0x0000000020000930                PROVIDE (_end = .)
                0x0000000020000b30                . = (. + _Min_Heap_Size)
 *fill*         0x0000000020000930      0x200 
                0x0000000020000f30                . = (. + _Min_Stack_Size)
 *fill*         0x0000000020000b30      0x400 
                0x0000000020000f30                . = ALIGN (0x8)

/DISCARD/
 libc.a(*)
 libm.a(*)
 libgcc.a(*)

.ARM.attributes
                0x0000000000000000       0x30
 *(.ARM.attributes)
 .ARM.attributes
                0x0000000000000000       0x1e c:/st/stm32cubeide_1.8.0/stm32cubeide/plugins/com.st.stm32cube.ide.mcu.externaltools.gnu-tools-for-stm32.9-2020-q2-update.win32_2.0.0.202105311346/tools/bin/../lib/gcc/arm-none-eabi/9.3.1/thumb/v7e-m+fp/hard/crti.o
 .ARM.attributes
                0x000000000000001e       0x34 c:/st/stm32cubeide_1.8.0/stm32cubeide/plugins/com.st.stm32cube.ide.mcu.externaltools.gnu-tools-for-stm32.9-2020-q2-update.win32_2.0.0.202105311346/tools/bin/../lib/gcc/arm-none-eabi/9.3.1/thumb/v7e-m+fp/hard/crtbegin.o
 .ARM.attributes
                0x0000000000000052       0x34 ./Core/Src/main.o
 .ARM.attributes
                0x0000000000000086       0x34 ./Core/Src/stm32f4xx_hal_msp.o
 .ARM.attributes
                0x00000000000000ba       0x34 ./Core/Src/stm32f4xx_it.o
 .ARM.attributes
                0x00000000000000ee       0x34 ./Core/Src/sysmem.o
 .ARM.attributes
                0x0000000000000122       0x34 ./Core/Src/system_stm32f4xx.o
 .ARM.attributes
                0x0000000000000156       0x21 ./Core/Startup/startup_stm32f411vetx.o
 .ARM.attributes
                0x0000000000000177       0x34 ./Drivers/STM32F4xx_HAL_Driver/Src/stm32f4xx_hal.o
 .ARM.attributes
                0x00000000000001ab       0x34 ./Drivers/STM32F4xx_HAL_Driver/Src/stm32f4xx_hal_cortex.o
 .ARM.attributes
                0x00000000000001df       0x34 ./Drivers/STM32F4xx_HAL_Driver/Src/stm32f4xx_hal_gpio.o
 .ARM.attributes
                0x0000000000000213       0x34 ./Drivers/STM32F4xx_HAL_Driver/Src/stm32f4xx_hal_hcd.o
 .ARM.attributes
                0x0000000000000247       0x34 ./Drivers/STM32F4xx_HAL_Driver/Src/stm32f4xx_hal_i2c.o
 .ARM.attributes
                0x000000000000027b       0x34 ./Drivers/STM32F4xx_HAL_Driver/Src/stm32f4xx_hal_i2s.o
 .ARM.attributes
                0x00000000000002af       0x34 ./Drivers/STM32F4xx_HAL_Driver/Src/stm32f4xx_hal_i2s_ex.o
 .ARM.attributes
                0x00000000000002e3       0x34 ./Drivers/STM32F4xx_HAL_Driver/Src/stm32f4xx_hal_rcc.o
 .ARM.attributes
                0x0000000000000317       0x34 ./Drivers/STM32F4xx_HAL_Driver/Src/stm32f4xx_hal_rcc_ex.o
 .ARM.attributes
                0x000000000000034b       0x34 ./Drivers/STM32F4xx_HAL_Driver/Src/stm32f4xx_hal_spi.o
 .ARM.attributes
                0x000000000000037f       0x34 ./Drivers/STM32F4xx_HAL_Driver/Src/stm32f4xx_hal_usart.o
 .ARM.attributes
                0x00000000000003b3       0x34 ./Drivers/STM32F4xx_HAL_Driver/Src/stm32f4xx_ll_usb.o
 .ARM.attributes
                0x00000000000003e7       0x34 ./Middlewares/ST/STM32_USB_Host_Library/Class/CDC/Src/usbh_cdc.o
 .ARM.attributes
                0x000000000000041b       0x34 ./Middlewares/ST/STM32_USB_Host_Library/Core/Src/usbh_core.o
 .ARM.attributes
                0x000000000000044f       0x34 ./Middlewares/ST/STM32_USB_Host_Library/Core/Src/usbh_ctlreq.o
 .ARM.attributes
                0x0000000000000483       0x34 ./Middlewares/ST/STM32_USB_Host_Library/Core/Src/usbh_ioreq.o
 .ARM.attributes
                0x00000000000004b7       0x34 ./Middlewares/ST/STM32_USB_Host_Library/Core/Src/usbh_pipes.o
 .ARM.attributes
                0x00000000000004eb       0x34 ./USB_HOST/App/usb_host.o
 .ARM.attributes
                0x000000000000051f       0x34 ./USB_HOST/Target/usbh_conf.o
 .ARM.attributes
                0x0000000000000553       0x34 ./USB_HOST/Target/usbh_platform.o
 .ARM.attributes
                0x0000000000000587       0x34 c:/st/stm32cubeide_1.8.0/stm32cubeide/plugins/com.st.stm32cube.ide.mcu.externaltools.gnu-tools-for-stm32.9-2020-q2-update.win32_2.0.0.202105311346/tools/bin/../lib/gcc/arm-none-eabi/9.3.1/../../../../arm-none-eabi/lib/thumb/v7e-m+fp/hard\libc_nano.a(lib_a-errno.o)
 .ARM.attributes
                0x00000000000005bb       0x32 c:/st/stm32cubeide_1.8.0/stm32cubeide/plugins/com.st.stm32cube.ide.mcu.externaltools.gnu-tools-for-stm32.9-2020-q2-update.win32_2.0.0.202105311346/tools/bin/../lib/gcc/arm-none-eabi/9.3.1/../../../../arm-none-eabi/lib/thumb/v7e-m+fp/hard\libc_nano.a(lib_a-impure.o)
 .ARM.attributes
                0x00000000000005ed       0x34 c:/st/stm32cubeide_1.8.0/stm32cubeide/plugins/com.st.stm32cube.ide.mcu.externaltools.gnu-tools-for-stm32.9-2020-q2-update.win32_2.0.0.202105311346/tools/bin/../lib/gcc/arm-none-eabi/9.3.1/../../../../arm-none-eabi/lib/thumb/v7e-m+fp/hard\libc_nano.a(lib_a-init.o)
 .ARM.attributes
                0x0000000000000621       0x34 c:/st/stm32cubeide_1.8.0/stm32cubeide/plugins/com.st.stm32cube.ide.mcu.externaltools.gnu-tools-for-stm32.9-2020-q2-update.win32_2.0.0.202105311346/tools/bin/../lib/gcc/arm-none-eabi/9.3.1/../../../../arm-none-eabi/lib/thumb/v7e-m+fp/hard\libc_nano.a(lib_a-malloc.o)
 .ARM.attributes
                0x0000000000000655       0x34 c:/st/stm32cubeide_1.8.0/stm32cubeide/plugins/com.st.stm32cube.ide.mcu.externaltools.gnu-tools-for-stm32.9-2020-q2-update.win32_2.0.0.202105311346/tools/bin/../lib/gcc/arm-none-eabi/9.3.1/../../../../arm-none-eabi/lib/thumb/v7e-m+fp/hard\libc_nano.a(lib_a-memset.o)
 .ARM.attributes
                0x0000000000000689       0x34 c:/st/stm32cubeide_1.8.0/stm32cubeide/plugins/com.st.stm32cube.ide.mcu.externaltools.gnu-tools-for-stm32.9-2020-q2-update.win32_2.0.0.202105311346/tools/bin/../lib/gcc/arm-none-eabi/9.3.1/../../../../arm-none-eabi/lib/thumb/v7e-m+fp/hard\libc_nano.a(lib_a-nano-freer.o)
 .ARM.attributes
                0x00000000000006bd       0x34 c:/st/stm32cubeide_1.8.0/stm32cubeide/plugins/com.st.stm32cube.ide.mcu.externaltools.gnu-tools-for-stm32.9-2020-q2-update.win32_2.0.0.202105311346/tools/bin/../lib/gcc/arm-none-eabi/9.3.1/../../../../arm-none-eabi/lib/thumb/v7e-m+fp/hard\libc_nano.a(lib_a-nano-mallocr.o)
 .ARM.attributes
                0x00000000000006f1       0x34 c:/st/stm32cubeide_1.8.0/stm32cubeide/plugins/com.st.stm32cube.ide.mcu.externaltools.gnu-tools-for-stm32.9-2020-q2-update.win32_2.0.0.202105311346/tools/bin/../lib/gcc/arm-none-eabi/9.3.1/../../../../arm-none-eabi/lib/thumb/v7e-m+fp/hard\libc_nano.a(lib_a-sbrkr.o)
 .ARM.attributes
                0x0000000000000725       0x17 c:/st/stm32cubeide_1.8.0/stm32cubeide/plugins/com.st.stm32cube.ide.mcu.externaltools.gnu-tools-for-stm32.9-2020-q2-update.win32_2.0.0.202105311346/tools/bin/../lib/gcc/arm-none-eabi/9.3.1/../../../../arm-none-eabi/lib/thumb/v7e-m+fp/hard\libc_nano.a(lib_a-strlen.o)
 .ARM.attributes
                0x000000000000073c       0x34 c:/st/stm32cubeide_1.8.0/stm32cubeide/plugins/com.st.stm32cube.ide.mcu.externaltools.gnu-tools-for-stm32.9-2020-q2-update.win32_2.0.0.202105311346/tools/bin/../lib/gcc/arm-none-eabi/9.3.1/../../../../arm-none-eabi/lib/thumb/v7e-m+fp/hard\libc_nano.a(lib_a-mlock.o)
 .ARM.attributes
                0x0000000000000770       0x34 c:/st/stm32cubeide_1.8.0/stm32cubeide/plugins/com.st.stm32cube.ide.mcu.externaltools.gnu-tools-for-stm32.9-2020-q2-update.win32_2.0.0.202105311346/tools/bin/../lib/gcc/arm-none-eabi/9.3.1/../../../../arm-none-eabi/lib/thumb/v7e-m+fp/hard\libc_nano.a(lib_a-reent.o)
 .ARM.attributes
                0x00000000000007a4       0x34 c:/st/stm32cubeide_1.8.0/stm32cubeide/plugins/com.st.stm32cube.ide.mcu.externaltools.gnu-tools-for-stm32.9-2020-q2-update.win32_2.0.0.202105311346/tools/bin/../lib/gcc/arm-none-eabi/9.3.1/../../../../arm-none-eabi/lib/thumb/v7e-m+fp/hard\libc_nano.a(lib_a-lock.o)
 .ARM.attributes
                0x00000000000007d8       0x1e c:/st/stm32cubeide_1.8.0/stm32cubeide/plugins/com.st.stm32cube.ide.mcu.externaltools.gnu-tools-for-stm32.9-2020-q2-update.win32_2.0.0.202105311346/tools/bin/../lib/gcc/arm-none-eabi/9.3.1/thumb/v7e-m+fp/hard\libgcc.a(_aeabi_uldivmod.o)
 .ARM.attributes
                0x00000000000007f6       0x34 c:/st/stm32cubeide_1.8.0/stm32cubeide/plugins/com.st.stm32cube.ide.mcu.externaltools.gnu-tools-for-stm32.9-2020-q2-update.win32_2.0.0.202105311346/tools/bin/../lib/gcc/arm-none-eabi/9.3.1/thumb/v7e-m+fp/hard\libgcc.a(_udivmoddi4.o)
 .ARM.attributes
                0x000000000000082a       0x1e c:/st/stm32cubeide_1.8.0/stm32cubeide/plugins/com.st.stm32cube.ide.mcu.externaltools.gnu-tools-for-stm32.9-2020-q2-update.win32_2.0.0.202105311346/tools/bin/../lib/gcc/arm-none-eabi/9.3.1/thumb/v7e-m+fp/hard\libgcc.a(_dvmd_tls.o)
 .ARM.attributes
                0x0000000000000848       0x1e c:/st/stm32cubeide_1.8.0/stm32cubeide/plugins/com.st.stm32cube.ide.mcu.externaltools.gnu-tools-for-stm32.9-2020-q2-update.win32_2.0.0.202105311346/tools/bin/../lib/gcc/arm-none-eabi/9.3.1/thumb/v7e-m+fp/hard/crtn.o
OUTPUT(5_USARTtransmit.elf elf32-littlearm)
LOAD linker stubs
LOAD c:/st/stm32cubeide_1.8.0/stm32cubeide/plugins/com.st.stm32cube.ide.mcu.externaltools.gnu-tools-for-stm32.9-2020-q2-update.win32_2.0.0.202105311346/tools/bin/../lib/gcc/arm-none-eabi/9.3.1/../../../../arm-none-eabi/lib/thumb/v7e-m+fp/hard\libc.a
LOAD c:/st/stm32cubeide_1.8.0/stm32cubeide/plugins/com.st.stm32cube.ide.mcu.externaltools.gnu-tools-for-stm32.9-2020-q2-update.win32_2.0.0.202105311346/tools/bin/../lib/gcc/arm-none-eabi/9.3.1/../../../../arm-none-eabi/lib/thumb/v7e-m+fp/hard\libm.a
LOAD c:/st/stm32cubeide_1.8.0/stm32cubeide/plugins/com.st.stm32cube.ide.mcu.externaltools.gnu-tools-for-stm32.9-2020-q2-update.win32_2.0.0.202105311346/tools/bin/../lib/gcc/arm-none-eabi/9.3.1/thumb/v7e-m+fp/hard\libgcc.a

.debug_info     0x0000000000000000    0x1b73b
 .debug_info    0x0000000000000000     0x14f2 ./Core/Src/main.o
 .debug_info    0x00000000000014f2     0x135c ./Core/Src/stm32f4xx_hal_msp.o
 .debug_info    0x000000000000284e      0x729 ./Core/Src/stm32f4xx_it.o
 .debug_info    0x0000000000002f77      0xa25 ./Core/Src/sysmem.o
 .debug_info    0x000000000000399c      0x5d0 ./Core/Src/system_stm32f4xx.o
 .debug_info    0x0000000000003f6c       0x22 ./Core/Startup/startup_stm32f411vetx.o
 .debug_info    0x0000000000003f8e      0x944 ./Drivers/STM32F4xx_HAL_Driver/Src/stm32f4xx_hal.o
 .debug_info    0x00000000000048d2      0xe47 ./Drivers/STM32F4xx_HAL_Driver/Src/stm32f4xx_hal_cortex.o
 .debug_info    0x0000000000005719      0x862 ./Drivers/STM32F4xx_HAL_Driver/Src/stm32f4xx_hal_gpio.o
 .debug_info    0x0000000000005f7b      0xf67 ./Drivers/STM32F4xx_HAL_Driver/Src/stm32f4xx_hal_hcd.o
 .debug_info    0x0000000000006ee2     0x2653 ./Drivers/STM32F4xx_HAL_Driver/Src/stm32f4xx_hal_i2c.o
 .debug_info    0x0000000000009535      0xf28 ./Drivers/STM32F4xx_HAL_Driver/Src/stm32f4xx_hal_i2s.o
 .debug_info    0x000000000000a45d      0xc1a ./Drivers/STM32F4xx_HAL_Driver/Src/stm32f4xx_hal_i2s_ex.o
 .debug_info    0x000000000000b077      0x9be ./Drivers/STM32F4xx_HAL_Driver/Src/stm32f4xx_hal_rcc.o
 .debug_info    0x000000000000ba35      0x673 ./Drivers/STM32F4xx_HAL_Driver/Src/stm32f4xx_hal_rcc_ex.o
 .debug_info    0x000000000000c0a8     0x17b8 ./Drivers/STM32F4xx_HAL_Driver/Src/stm32f4xx_hal_spi.o
 .debug_info    0x000000000000d860     0x1237 ./Drivers/STM32F4xx_HAL_Driver/Src/stm32f4xx_hal_usart.o
 .debug_info    0x000000000000ea97     0x1ab4 ./Drivers/STM32F4xx_HAL_Driver/Src/stm32f4xx_ll_usb.o
 .debug_info    0x000000000001054b     0x1c86 ./Middlewares/ST/STM32_USB_Host_Library/Class/CDC/Src/usbh_cdc.o
 .debug_info    0x00000000000121d1     0x1815 ./Middlewares/ST/STM32_USB_Host_Library/Core/Src/usbh_core.o
 .debug_info    0x00000000000139e6     0x18e6 ./Middlewares/ST/STM32_USB_Host_Library/Core/Src/usbh_ctlreq.o
 .debug_info    0x00000000000152cc     0x162f ./Middlewares/ST/STM32_USB_Host_Library/Core/Src/usbh_ioreq.o
 .debug_info    0x00000000000168fb     0x1457 ./Middlewares/ST/STM32_USB_Host_Library/Core/Src/usbh_pipes.o
 .debug_info    0x0000000000017d52     0x13a0 ./USB_HOST/App/usb_host.o
 .debug_info    0x00000000000190f2     0x23ae ./USB_HOST/Target/usbh_conf.o
 .debug_info    0x000000000001b4a0      0x29b ./USB_HOST/Target/usbh_platform.o

.debug_abbrev   0x0000000000000000     0x3d3f
 .debug_abbrev  0x0000000000000000      0x26f ./Core/Src/main.o
 .debug_abbrev  0x000000000000026f      0x1ea ./Core/Src/stm32f4xx_hal_msp.o
 .debug_abbrev  0x0000000000000459      0x184 ./Core/Src/stm32f4xx_it.o
 .debug_abbrev  0x00000000000005dd      0x1bf ./Core/Src/sysmem.o
 .debug_abbrev  0x000000000000079c      0x145 ./Core/Src/system_stm32f4xx.o
 .debug_abbrev  0x00000000000008e1       0x12 ./Core/Startup/startup_stm32f411vetx.o
 .debug_abbrev  0x00000000000008f3      0x21e ./Drivers/STM32F4xx_HAL_Driver/Src/stm32f4xx_hal.o
 .debug_abbrev  0x0000000000000b11      0x33c ./Drivers/STM32F4xx_HAL_Driver/Src/stm32f4xx_hal_cortex.o
 .debug_abbrev  0x0000000000000e4d      0x1f1 ./Drivers/STM32F4xx_HAL_Driver/Src/stm32f4xx_hal_gpio.o
 .debug_abbrev  0x000000000000103e      0x28d ./Drivers/STM32F4xx_HAL_Driver/Src/stm32f4xx_hal_hcd.o
 .debug_abbrev  0x00000000000012cb      0x293 ./Drivers/STM32F4xx_HAL_Driver/Src/stm32f4xx_hal_i2c.o
 .debug_abbrev  0x000000000000155e      0x256 ./Drivers/STM32F4xx_HAL_Driver/Src/stm32f4xx_hal_i2s.o
 .debug_abbrev  0x00000000000017b4      0x287 ./Drivers/STM32F4xx_HAL_Driver/Src/stm32f4xx_hal_i2s_ex.o
 .debug_abbrev  0x0000000000001a3b      0x275 ./Drivers/STM32F4xx_HAL_Driver/Src/stm32f4xx_hal_rcc.o
 .debug_abbrev  0x0000000000001cb0      0x18f ./Drivers/STM32F4xx_HAL_Driver/Src/stm32f4xx_hal_rcc_ex.o
 .debug_abbrev  0x0000000000001e3f      0x26e ./Drivers/STM32F4xx_HAL_Driver/Src/stm32f4xx_hal_spi.o
 .debug_abbrev  0x00000000000020ad      0x281 ./Drivers/STM32F4xx_HAL_Driver/Src/stm32f4xx_hal_usart.o
 .debug_abbrev  0x000000000000232e      0x2a7 ./Drivers/STM32F4xx_HAL_Driver/Src/stm32f4xx_ll_usb.o
 .debug_abbrev  0x00000000000025d5      0x352 ./Middlewares/ST/STM32_USB_Host_Library/Class/CDC/Src/usbh_cdc.o
 .debug_abbrev  0x0000000000002927      0x3b4 ./Middlewares/ST/STM32_USB_Host_Library/Core/Src/usbh_core.o
 .debug_abbrev  0x0000000000002cdb      0x367 ./Middlewares/ST/STM32_USB_Host_Library/Core/Src/usbh_ctlreq.o
 .debug_abbrev  0x0000000000003042      0x2b5 ./Middlewares/ST/STM32_USB_Host_Library/Core/Src/usbh_ioreq.o
 .debug_abbrev  0x00000000000032f7      0x2f3 ./Middlewares/ST/STM32_USB_Host_Library/Core/Src/usbh_pipes.o
 .debug_abbrev  0x00000000000035ea      0x2a4 ./USB_HOST/App/usb_host.o
 .debug_abbrev  0x000000000000388e      0x397 ./USB_HOST/Target/usbh_conf.o
 .debug_abbrev  0x0000000000003c25      0x11a ./USB_HOST/Target/usbh_platform.o

.debug_aranges  0x0000000000000000     0x12b0
 .debug_aranges
                0x0000000000000000       0x68 ./Core/Src/main.o
 .debug_aranges
                0x0000000000000068       0x60 ./Core/Src/stm32f4xx_hal_msp.o
 .debug_aranges
                0x00000000000000c8       0x68 ./Core/Src/stm32f4xx_it.o
 .debug_aranges
                0x0000000000000130       0x20 ./Core/Src/sysmem.o
 .debug_aranges
                0x0000000000000150       0x28 ./Core/Src/system_stm32f4xx.o
 .debug_aranges
                0x0000000000000178       0x28 ./Core/Startup/startup_stm32f411vetx.o
 .debug_aranges
                0x00000000000001a0       0xf0 ./Drivers/STM32F4xx_HAL_Driver/Src/stm32f4xx_hal.o
 .debug_aranges
                0x0000000000000290      0x118 ./Drivers/STM32F4xx_HAL_Driver/Src/stm32f4xx_hal_cortex.o
 .debug_aranges
                0x00000000000003a8       0x58 ./Drivers/STM32F4xx_HAL_Driver/Src/stm32f4xx_hal_gpio.o
 .debug_aranges
                0x0000000000000400       0xf8 ./Drivers/STM32F4xx_HAL_Driver/Src/stm32f4xx_hal_hcd.o
 .debug_aranges
                0x00000000000004f8      0x2a0 ./Drivers/STM32F4xx_HAL_Driver/Src/stm32f4xx_hal_i2c.o
 .debug_aranges
                0x0000000000000798      0x108 ./Drivers/STM32F4xx_HAL_Driver/Src/stm32f4xx_hal_i2s.o
 .debug_aranges
                0x00000000000008a0       0x88 ./Drivers/STM32F4xx_HAL_Driver/Src/stm32f4xx_hal_i2s_ex.o
 .debug_aranges
                0x0000000000000928       0x88 ./Drivers/STM32F4xx_HAL_Driver/Src/stm32f4xx_hal_rcc.o
 .debug_aranges
                0x00000000000009b0       0x50 ./Drivers/STM32F4xx_HAL_Driver/Src/stm32f4xx_hal_rcc_ex.o
 .debug_aranges
                0x0000000000000a00      0x1d0 ./Drivers/STM32F4xx_HAL_Driver/Src/stm32f4xx_hal_spi.o
 .debug_aranges
                0x0000000000000bd0      0x178 ./Drivers/STM32F4xx_HAL_Driver/Src/stm32f4xx_hal_usart.o
 .debug_aranges
                0x0000000000000d48      0x198 ./Drivers/STM32F4xx_HAL_Driver/Src/stm32f4xx_ll_usb.o
 .debug_aranges
                0x0000000000000ee0       0xa8 ./Middlewares/ST/STM32_USB_Host_Library/Class/CDC/Src/usbh_cdc.o
 .debug_aranges
                0x0000000000000f88       0xc0 ./Middlewares/ST/STM32_USB_Host_Library/Core/Src/usbh_core.o
 .debug_aranges
                0x0000000000001048       0xa0 ./Middlewares/ST/STM32_USB_Host_Library/Core/Src/usbh_ctlreq.o
 .debug_aranges
                0x00000000000010e8       0x60 ./Middlewares/ST/STM32_USB_Host_Library/Core/Src/usbh_ioreq.o
 .debug_aranges
                0x0000000000001148       0x40 ./Middlewares/ST/STM32_USB_Host_Library/Core/Src/usbh_pipes.o
 .debug_aranges
                0x0000000000001188       0x30 ./USB_HOST/App/usb_host.o
 .debug_aranges
                0x00000000000011b8       0xd8 ./USB_HOST/Target/usbh_conf.o
 .debug_aranges
                0x0000000000001290       0x20 ./USB_HOST/Target/usbh_platform.o

.debug_ranges   0x0000000000000000     0x1140
 .debug_ranges  0x0000000000000000       0x58 ./Core/Src/main.o
 .debug_ranges  0x0000000000000058       0x50 ./Core/Src/stm32f4xx_hal_msp.o
 .debug_ranges  0x00000000000000a8       0x58 ./Core/Src/stm32f4xx_it.o
 .debug_ranges  0x0000000000000100       0x10 ./Core/Src/sysmem.o
 .debug_ranges  0x0000000000000110       0x18 ./Core/Src/system_stm32f4xx.o
 .debug_ranges  0x0000000000000128       0x20 ./Core/Startup/startup_stm32f411vetx.o
 .debug_ranges  0x0000000000000148       0xe0 ./Drivers/STM32F4xx_HAL_Driver/Src/stm32f4xx_hal.o
 .debug_ranges  0x0000000000000228      0x108 ./Drivers/STM32F4xx_HAL_Driver/Src/stm32f4xx_hal_cortex.o
 .debug_ranges  0x0000000000000330       0x48 ./Drivers/STM32F4xx_HAL_Driver/Src/stm32f4xx_hal_gpio.o
 .debug_ranges  0x0000000000000378       0xe8 ./Drivers/STM32F4xx_HAL_Driver/Src/stm32f4xx_hal_hcd.o
 .debug_ranges  0x0000000000000460      0x2b8 ./Drivers/STM32F4xx_HAL_Driver/Src/stm32f4xx_hal_i2c.o
 .debug_ranges  0x0000000000000718       0xf8 ./Drivers/STM32F4xx_HAL_Driver/Src/stm32f4xx_hal_i2s.o
 .debug_ranges  0x0000000000000810       0x78 ./Drivers/STM32F4xx_HAL_Driver/Src/stm32f4xx_hal_i2s_ex.o
 .debug_ranges  0x0000000000000888       0x78 ./Drivers/STM32F4xx_HAL_Driver/Src/stm32f4xx_hal_rcc.o
 .debug_ranges  0x0000000000000900       0x40 ./Drivers/STM32F4xx_HAL_Driver/Src/stm32f4xx_hal_rcc_ex.o
 .debug_ranges  0x0000000000000940      0x1c0 ./Drivers/STM32F4xx_HAL_Driver/Src/stm32f4xx_hal_spi.o
 .debug_ranges  0x0000000000000b00      0x168 ./Drivers/STM32F4xx_HAL_Driver/Src/stm32f4xx_hal_usart.o
 .debug_ranges  0x0000000000000c68      0x188 ./Drivers/STM32F4xx_HAL_Driver/Src/stm32f4xx_ll_usb.o
 .debug_ranges  0x0000000000000df0       0x98 ./Middlewares/ST/STM32_USB_Host_Library/Class/CDC/Src/usbh_cdc.o
 .debug_ranges  0x0000000000000e88       0xb0 ./Middlewares/ST/STM32_USB_Host_Library/Core/Src/usbh_core.o
 .debug_ranges  0x0000000000000f38       0x90 ./Middlewares/ST/STM32_USB_Host_Library/Core/Src/usbh_ctlreq.o
 .debug_ranges  0x0000000000000fc8       0x50 ./Middlewares/ST/STM32_USB_Host_Library/Core/Src/usbh_ioreq.o
 .debug_ranges  0x0000000000001018       0x30 ./Middlewares/ST/STM32_USB_Host_Library/Core/Src/usbh_pipes.o
 .debug_ranges  0x0000000000001048       0x20 ./USB_HOST/App/usb_host.o
 .debug_ranges  0x0000000000001068       0xc8 ./USB_HOST/Target/usbh_conf.o
 .debug_ranges  0x0000000000001130       0x10 ./USB_HOST/Target/usbh_platform.o

.debug_macro    0x0000000000000000    0x1957d
 .debug_macro   0x0000000000000000      0x228 ./Core/Src/main.o
 .debug_macro   0x0000000000000228      0xaa8 ./Core/Src/main.o
 .debug_macro   0x0000000000000cd0      0x2ad ./Core/Src/main.o
 .debug_macro   0x0000000000000f7d       0x2e ./Core/Src/main.o
 .debug_macro   0x0000000000000fab       0x28 ./Core/Src/main.o
 .debug_macro   0x0000000000000fd3       0x22 ./Core/Src/main.o
 .debug_macro   0x0000000000000ff5       0x8e ./Core/Src/main.o
 .debug_macro   0x0000000000001083       0x51 ./Core/Src/main.o
 .debug_macro   0x00000000000010d4      0x103 ./Core/Src/main.o
 .debug_macro   0x00000000000011d7       0x6a ./Core/Src/main.o
 .debug_macro   0x0000000000001241      0x1df ./Core/Src/main.o
 .debug_macro   0x0000000000001420       0x1c ./Core/Src/main.o
 .debug_macro   0x000000000000143c       0x22 ./Core/Src/main.o
 .debug_macro   0x000000000000145e       0xdf ./Core/Src/main.o
 .debug_macro   0x000000000000153d     0x102d ./Core/Src/main.o
 .debug_macro   0x000000000000256a      0x11f ./Core/Src/main.o
 .debug_macro   0x0000000000002689     0xb953 ./Core/Src/main.o
 .debug_macro   0x000000000000dfdc       0x6d ./Core/Src/main.o
 .debug_macro   0x000000000000e049     0x3666 ./Core/Src/main.o
 .debug_macro   0x00000000000116af      0x174 ./Core/Src/main.o
 .debug_macro   0x0000000000011823       0x5c ./Core/Src/main.o
 .debug_macro   0x000000000001187f      0x447 ./Core/Src/main.o
 .debug_macro   0x0000000000011cc6      0x9fe ./Core/Src/main.o
 .debug_macro   0x00000000000126c4      0x116 ./Core/Src/main.o
 .debug_macro   0x00000000000127da      0x11b ./Core/Src/main.o
 .debug_macro   0x00000000000128f5       0xa5 ./Core/Src/main.o
 .debug_macro   0x000000000001299a      0x15f ./Core/Src/main.o
 .debug_macro   0x0000000000012af9      0x287 ./Core/Src/main.o
 .debug_macro   0x0000000000012d80       0x5f ./Core/Src/main.o
 .debug_macro   0x0000000000012ddf      0x236 ./Core/Src/main.o
 .debug_macro   0x0000000000013015      0x132 ./Core/Src/main.o
 .debug_macro   0x0000000000013147      0x264 ./Core/Src/main.o
 .debug_macro   0x00000000000133ab       0x2e ./Core/Src/main.o
 .debug_macro   0x00000000000133d9      0x1b5 ./Core/Src/main.o
 .debug_macro   0x000000000001358e       0x22 ./Core/Src/main.o
 .debug_macro   0x00000000000135b0       0xd6 ./Core/Src/main.o
 .debug_macro   0x0000000000013686      0x1a7 ./Core/Src/main.o
 .debug_macro   0x000000000001382d       0x46 ./Core/Src/main.o
 .debug_macro   0x0000000000013873       0x4a ./Core/Src/main.o
 .debug_macro   0x00000000000138bd      0x11a ./Core/Src/main.o
 .debug_macro   0x00000000000139d7       0x85 ./Core/Src/main.o
 .debug_macro   0x0000000000013a5c       0x89 ./Core/Src/main.o
 .debug_macro   0x0000000000013ae5      0x225 ./Core/Src/main.o
 .debug_macro   0x0000000000013d0a      0x217 ./Core/Src/main.o
 .debug_macro   0x0000000000013f21      0x21e ./Core/Src/main.o
 .debug_macro   0x000000000001413f       0x7c ./Core/Src/main.o
 .debug_macro   0x00000000000141bb      0x126 ./Core/Src/main.o
 .debug_macro   0x00000000000142e1      0x19c ./Core/Src/main.o
 .debug_macro   0x000000000001447d      0x21e ./Core/Src/stm32f4xx_hal_msp.o
 .debug_macro   0x000000000001469b      0x228 ./Core/Src/stm32f4xx_it.o
 .debug_macro   0x00000000000148c3       0xff ./Core/Src/sysmem.o
 .debug_macro   0x00000000000149c2      0x23b ./Core/Src/sysmem.o
 .debug_macro   0x0000000000014bfd      0x20f ./Core/Src/system_stm32f4xx.o
 .debug_macro   0x0000000000014e0c      0x26f ./Drivers/STM32F4xx_HAL_Driver/Src/stm32f4xx_hal.o
 .debug_macro   0x000000000001507b      0x20f ./Drivers/STM32F4xx_HAL_Driver/Src/stm32f4xx_hal_cortex.o
 .debug_macro   0x000000000001528a      0x215 ./Drivers/STM32F4xx_HAL_Driver/Src/stm32f4xx_hal_gpio.o
 .debug_macro   0x000000000001549f      0x20f ./Drivers/STM32F4xx_HAL_Driver/Src/stm32f4xx_hal_hcd.o
 .debug_macro   0x00000000000156ae      0x256 ./Drivers/STM32F4xx_HAL_Driver/Src/stm32f4xx_hal_i2c.o
 .debug_macro   0x0000000000015904      0x217 ./Drivers/STM32F4xx_HAL_Driver/Src/stm32f4xx_hal_i2s.o
 .debug_macro   0x0000000000015b1b      0x20f ./Drivers/STM32F4xx_HAL_Driver/Src/stm32f4xx_hal_i2s_ex.o
 .debug_macro   0x0000000000015d2a      0x233 ./Drivers/STM32F4xx_HAL_Driver/Src/stm32f4xx_hal_rcc.o
 .debug_macro   0x0000000000015f5d      0x20f ./Drivers/STM32F4xx_HAL_Driver/Src/stm32f4xx_hal_rcc_ex.o
 .debug_macro   0x000000000001616c      0x21e ./Drivers/STM32F4xx_HAL_Driver/Src/stm32f4xx_hal_spi.o
 .debug_macro   0x000000000001638a      0x21e ./Drivers/STM32F4xx_HAL_Driver/Src/stm32f4xx_hal_usart.o
 .debug_macro   0x00000000000165a8      0x20f ./Drivers/STM32F4xx_HAL_Driver/Src/stm32f4xx_ll_usb.o
 .debug_macro   0x00000000000167b7      0x43d ./Middlewares/ST/STM32_USB_Host_Library/Class/CDC/Src/usbh_cdc.o
 .debug_macro   0x0000000000016bf4       0x16 ./Middlewares/ST/STM32_USB_Host_Library/Class/CDC/Src/usbh_cdc.o
 .debug_macro   0x0000000000016c0a       0x97 ./Middlewares/ST/STM32_USB_Host_Library/Class/CDC/Src/usbh_cdc.o
 .debug_macro   0x0000000000016ca1       0xfd ./Middlewares/ST/STM32_USB_Host_Library/Class/CDC/Src/usbh_cdc.o
 .debug_macro   0x0000000000016d9e       0x16 ./Middlewares/ST/STM32_USB_Host_Library/Class/CDC/Src/usbh_cdc.o
 .debug_macro   0x0000000000016db4       0x20 ./Middlewares/ST/STM32_USB_Host_Library/Class/CDC/Src/usbh_cdc.o
 .debug_macro   0x0000000000016dd4       0xd9 ./Middlewares/ST/STM32_USB_Host_Library/Class/CDC/Src/usbh_cdc.o
 .debug_macro   0x0000000000016ead       0x56 ./Middlewares/ST/STM32_USB_Host_Library/Class/CDC/Src/usbh_cdc.o
 .debug_macro   0x0000000000016f03       0x73 ./Middlewares/ST/STM32_USB_Host_Library/Class/CDC/Src/usbh_cdc.o
 .debug_macro   0x0000000000016f76      0x218 ./Middlewares/ST/STM32_USB_Host_Library/Class/CDC/Src/usbh_cdc.o
 .debug_macro   0x000000000001718e       0x2e ./Middlewares/ST/STM32_USB_Host_Library/Class/CDC/Src/usbh_cdc.o
 .debug_macro   0x00000000000171bc       0x2e ./Middlewares/ST/STM32_USB_Host_Library/Class/CDC/Src/usbh_cdc.o
 .debug_macro   0x00000000000171ea       0x28 ./Middlewares/ST/STM32_USB_Host_Library/Class/CDC/Src/usbh_cdc.o
 .debug_macro   0x0000000000017212      0x15c ./Middlewares/ST/STM32_USB_Host_Library/Class/CDC/Src/usbh_cdc.o
 .debug_macro   0x000000000001736e      0x43a ./Middlewares/ST/STM32_USB_Host_Library/Core/Src/usbh_core.o
 .debug_macro   0x00000000000177a8      0x432 ./Middlewares/ST/STM32_USB_Host_Library/Core/Src/usbh_ctlreq.o
 .debug_macro   0x0000000000017bda       0x28 ./Middlewares/ST/STM32_USB_Host_Library/Core/Src/usbh_ctlreq.o
 .debug_macro   0x0000000000017c02      0x42c ./Middlewares/ST/STM32_USB_Host_Library/Core/Src/usbh_ioreq.o
 .debug_macro   0x000000000001802e      0x42c ./Middlewares/ST/STM32_USB_Host_Library/Core/Src/usbh_pipes.o
 .debug_macro   0x000000000001845a      0x43b ./USB_HOST/App/usb_host.o
 .debug_macro   0x0000000000018895       0x52 ./USB_HOST/App/usb_host.o
 .debug_macro   0x00000000000188e7      0x333 ./USB_HOST/App/usb_host.o
 .debug_macro   0x0000000000018c1a      0x1a2 ./USB_HOST/App/usb_host.o
 .debug_macro   0x0000000000018dbc      0x162 ./USB_HOST/App/usb_host.o
 .debug_macro   0x0000000000018f1e      0x43c ./USB_HOST/Target/usbh_conf.o
 .debug_macro   0x000000000001935a      0x223 ./USB_HOST/Target/usbh_platform.o

.debug_line     0x0000000000000000    0x18c75
 .debug_line    0x0000000000000000      0x9b1 ./Core/Src/main.o
 .debug_line    0x00000000000009b1      0x8e8 ./Core/Src/stm32f4xx_hal_msp.o
 .debug_line    0x0000000000001299      0x817 ./Core/Src/stm32f4xx_it.o
 .debug_line    0x0000000000001ab0      0x4f8 ./Core/Src/sysmem.o
 .debug_line    0x0000000000001fa8      0x7be ./Core/Src/system_stm32f4xx.o
 .debug_line    0x0000000000002766       0x88 ./Core/Startup/startup_stm32f411vetx.o
 .debug_line    0x00000000000027ee      0xa24 ./Drivers/STM32F4xx_HAL_Driver/Src/stm32f4xx_hal.o
 .debug_line    0x0000000000003212      0xcd3 ./Drivers/STM32F4xx_HAL_Driver/Src/stm32f4xx_hal_cortex.o
 .debug_line    0x0000000000003ee5      0xb5e ./Drivers/STM32F4xx_HAL_Driver/Src/stm32f4xx_hal_gpio.o
 .debug_line    0x0000000000004a43     0x1249 ./Drivers/STM32F4xx_HAL_Driver/Src/stm32f4xx_hal_hcd.o
 .debug_line    0x0000000000005c8c     0x39d0 ./Drivers/STM32F4xx_HAL_Driver/Src/stm32f4xx_hal_i2c.o
 .debug_line    0x000000000000965c     0x13bd ./Drivers/STM32F4xx_HAL_Driver/Src/stm32f4xx_hal_i2s.o
 .debug_line    0x000000000000aa19     0x14bc ./Drivers/STM32F4xx_HAL_Driver/Src/stm32f4xx_hal_i2s_ex.o
 .debug_line    0x000000000000bed5      0xda0 ./Drivers/STM32F4xx_HAL_Driver/Src/stm32f4xx_hal_rcc.o
 .debug_line    0x000000000000cc75      0xa7e ./Drivers/STM32F4xx_HAL_Driver/Src/stm32f4xx_hal_rcc_ex.o
 .debug_line    0x000000000000d6f3     0x1cac ./Drivers/STM32F4xx_HAL_Driver/Src/stm32f4xx_hal_spi.o
 .debug_line    0x000000000000f39f     0x1901 ./Drivers/STM32F4xx_HAL_Driver/Src/stm32f4xx_hal_usart.o
 .debug_line    0x0000000000010ca0     0x19b3 ./Drivers/STM32F4xx_HAL_Driver/Src/stm32f4xx_ll_usb.o
 .debug_line    0x0000000000012653      0xf4f ./Middlewares/ST/STM32_USB_Host_Library/Class/CDC/Src/usbh_cdc.o
 .debug_line    0x00000000000135a2     0x11ad ./Middlewares/ST/STM32_USB_Host_Library/Core/Src/usbh_core.o
 .debug_line    0x000000000001474f      0xf61 ./Middlewares/ST/STM32_USB_Host_Library/Core/Src/usbh_ctlreq.o
 .debug_line    0x00000000000156b0      0xb2b ./Middlewares/ST/STM32_USB_Host_Library/Core/Src/usbh_ioreq.o
 .debug_line    0x00000000000161db      0xad5 ./Middlewares/ST/STM32_USB_Host_Library/Core/Src/usbh_pipes.o
 .debug_line    0x0000000000016cb0      0xabf ./USB_HOST/App/usb_host.o
 .debug_line    0x000000000001776f      0xd97 ./USB_HOST/Target/usbh_conf.o
 .debug_line    0x0000000000018506      0x76f ./USB_HOST/Target/usbh_platform.o

.debug_str      0x0000000000000000    0x9061e
 .debug_str     0x0000000000000000    0x85756 ./Core/Src/main.o
                                      0x85abf (size before relaxing)
 .debug_str     0x0000000000085756       0xce ./Core/Src/stm32f4xx_hal_msp.o
                                      0x858af (size before relaxing)
 .debug_str     0x0000000000085824      0x43d ./Core/Src/stm32f4xx_it.o
                                      0x85205 (size before relaxing)
 .debug_str     0x0000000000085c61     0x2213 ./Core/Src/sysmem.o
                                       0x628d (size before relaxing)
 .debug_str     0x0000000000087e74       0xaf ./Core/Src/system_stm32f4xx.o
                                      0x8482e (size before relaxing)
 .debug_str     0x0000000000087f23       0x36 ./Core/Startup/startup_stm32f411vetx.o
                                         0x5e (size before relaxing)
 .debug_str     0x0000000000087f59      0x90f ./Drivers/STM32F4xx_HAL_Driver/Src/stm32f4xx_hal.o